Archive member included to satisfy reference by file (symbol)

/usr/lib/gcc/avr/5.4.0/../../../avr/lib/avr6/libm.a(addsf3.o)
                              mani/IncFile1.o (__addsf3)
/usr/lib/gcc/avr/5.4.0/../../../avr/lib/avr6/libm.a(addsf3x.o)
                              /usr/lib/gcc/avr/5.4.0/../../../avr/lib/avr6/libm.a(addsf3.o) (__addsf3x)
/usr/lib/gcc/avr/5.4.0/../../../avr/lib/avr6/libm.a(fixsfsi.o)
                              avr_sub_mani.o (__fixsfsi)
/usr/lib/gcc/avr/5.4.0/../../../avr/lib/avr6/libm.a(fixunssfsi.o)
                              mani/IncFile1.o (__fixunssfsi)
/usr/lib/gcc/avr/5.4.0/../../../avr/lib/avr6/libm.a(floatsisf.o)
                              mani/IncFile1.o (__floatunsisf)
/usr/lib/gcc/avr/5.4.0/../../../avr/lib/avr6/libm.a(fp_inf.o)
                              /usr/lib/gcc/avr/5.4.0/../../../avr/lib/avr6/libm.a(addsf3x.o) (__fp_inf)
/usr/lib/gcc/avr/5.4.0/../../../avr/lib/avr6/libm.a(fp_nan.o)
                              /usr/lib/gcc/avr/5.4.0/../../../avr/lib/avr6/libm.a(addsf3x.o) (__fp_nan)
/usr/lib/gcc/avr/5.4.0/../../../avr/lib/avr6/libm.a(fp_pscA.o)
                              /usr/lib/gcc/avr/5.4.0/../../../avr/lib/avr6/libm.a(addsf3x.o) (__fp_pscA)
/usr/lib/gcc/avr/5.4.0/../../../avr/lib/avr6/libm.a(fp_pscB.o)
                              /usr/lib/gcc/avr/5.4.0/../../../avr/lib/avr6/libm.a(addsf3x.o) (__fp_pscB)
/usr/lib/gcc/avr/5.4.0/../../../avr/lib/avr6/libm.a(fp_round.o)
                              /usr/lib/gcc/avr/5.4.0/../../../avr/lib/avr6/libm.a(addsf3.o) (__fp_round)
/usr/lib/gcc/avr/5.4.0/../../../avr/lib/avr6/libm.a(fp_split3.o)
                              /usr/lib/gcc/avr/5.4.0/../../../avr/lib/avr6/libm.a(addsf3x.o) (__fp_split3)
/usr/lib/gcc/avr/5.4.0/../../../avr/lib/avr6/libm.a(fp_zero.o)
                              /usr/lib/gcc/avr/5.4.0/../../../avr/lib/avr6/libm.a(addsf3x.o) (__fp_zero)
/usr/lib/gcc/avr/5.4.0/../../../avr/lib/avr6/libm.a(mulsf3.o)
                              mani/IncFile1.o (__mulsf3)
/usr/lib/gcc/avr/5.4.0/../../../avr/lib/avr6/libm.a(mulsf3x.o)
                              /usr/lib/gcc/avr/5.4.0/../../../avr/lib/avr6/libm.a(mulsf3.o) (__mulsf3x)
/usr/lib/gcc/avr/5.4.0/avr6/libgcc.a(_mulsi3.o)
                              avr_sub_mani.o (__mulsi3)
/usr/lib/gcc/avr/5.4.0/avr6/libgcc.a(_divmodhi4.o)
                              avr_sub_mani.o (__divmodhi4)
/usr/lib/gcc/avr/5.4.0/avr6/libgcc.a(_udivmodsi4.o)
                              avr_sub_mani.o (__udivmodsi4)
/usr/lib/gcc/avr/5.4.0/avr6/libgcc.a(_divmodsi4.o)
                              ros_lib/time.o (__divmodsi4)
/usr/lib/gcc/avr/5.4.0/avr6/libgcc.a(_negsi2.o)
                              /usr/lib/gcc/avr/5.4.0/avr6/libgcc.a(_divmodsi4.o) (__negsi2)
/usr/lib/gcc/avr/5.4.0/avr6/libgcc.a(_exit.o)
                              /usr/lib/gcc/avr/5.4.0/../../../avr/lib/avr6/crtatmega2560.o (exit)
/usr/lib/gcc/avr/5.4.0/avr6/libgcc.a(_copy_data.o)
                              mani/IncFile1.o (__do_copy_data)
/usr/lib/gcc/avr/5.4.0/avr6/libgcc.a(_clear_bss.o)
                              avr_time.o (__do_clear_bss)
/usr/lib/gcc/avr/5.4.0/avr6/libgcc.a(_ctors.o)
                              avr_sub_mani.o (__do_global_ctors)
/usr/lib/gcc/avr/5.4.0/avr6/libgcc.a(_muluhisi3.o)
                              /usr/lib/gcc/avr/5.4.0/avr6/libgcc.a(_mulsi3.o) (__muluhisi3)
/usr/lib/gcc/avr/5.4.0/avr6/libgcc.a(_udivmodhi4.o)
                              /usr/lib/gcc/avr/5.4.0/avr6/libgcc.a(_divmodhi4.o) (__udivmodhi4)
/usr/lib/gcc/avr/5.4.0/avr6/libgcc.a(_tablejump2.o)
                              /usr/lib/gcc/avr/5.4.0/avr6/libgcc.a(_ctors.o) (__tablejump2__)
/usr/lib/gcc/avr/5.4.0/avr6/libgcc.a(_umulhisi3.o)
                              /usr/lib/gcc/avr/5.4.0/avr6/libgcc.a(_muluhisi3.o) (__umulhisi3)
/usr/lib/gcc/avr/5.4.0/../../../avr/lib/avr6/libc.a(realloc.o)
                              avr_sub_mani.o (realloc)
/usr/lib/gcc/avr/5.4.0/../../../avr/lib/avr6/libc.a(memcpy.o)
                              avr_sub_mani.o (memcpy)
/usr/lib/gcc/avr/5.4.0/../../../avr/lib/avr6/libc.a(malloc.o)
                              /usr/lib/gcc/avr/5.4.0/../../../avr/lib/avr6/libc.a(realloc.o) (malloc)

Allocating common symbols
Common symbol       size              file

x                   0x4               mani/IncFile1.o
alfa                0x4               mani/IncFile1.o
__brkval            0x2               /usr/lib/gcc/avr/5.4.0/../../../avr/lib/avr6/libc.a(malloc.o)
z                   0x4               mani/IncFile1.o
y                   0x4               mani/IncFile1.o
beta                0x4               mani/IncFile1.o
__flp               0x2               /usr/lib/gcc/avr/5.4.0/../../../avr/lib/avr6/libc.a(malloc.o)

Discarded input sections

 .group         0x0000000000000000        0x8 avr_sub_mani.o
 .group         0x0000000000000000        0x8 avr_sub_mani.o
 .group         0x0000000000000000        0x8 avr_sub_mani.o
 .group         0x0000000000000000        0x8 avr_sub_mani.o
 .group         0x0000000000000000        0x8 avr_sub_mani.o
 .group         0x0000000000000000        0x8 avr_sub_mani.o
 .group         0x0000000000000000        0x8 avr_sub_mani.o
 .group         0x0000000000000000        0x8 avr_sub_mani.o
 .group         0x0000000000000000        0x8 avr_sub_mani.o
 .group         0x0000000000000000        0x8 avr_sub_mani.o
 .group         0x0000000000000000        0x8 avr_sub_mani.o
 .group         0x0000000000000000        0x8 avr_sub_mani.o
 .group         0x0000000000000000        0x8 avr_sub_mani.o
 .group         0x0000000000000000        0x8 avr_sub_mani.o
 .group         0x0000000000000000        0x8 avr_sub_mani.o
 .group         0x0000000000000000        0x8 avr_sub_mani.o
 .group         0x0000000000000000        0x8 avr_sub_mani.o
 .group         0x0000000000000000        0x8 avr_sub_mani.o
 .group         0x0000000000000000        0x8 avr_sub_mani.o
 .group         0x0000000000000000        0x8 avr_sub_mani.o
 .group         0x0000000000000000        0x8 avr_sub_mani.o
 .group         0x0000000000000000        0x8 avr_sub_mani.o
 .group         0x0000000000000000        0x8 avr_sub_mani.o
 .group         0x0000000000000000        0x8 avr_sub_mani.o
 .group         0x0000000000000000        0x8 avr_sub_mani.o
 .group         0x0000000000000000        0x8 avr_sub_mani.o
 .group         0x0000000000000000        0x8 avr_sub_mani.o
 .group         0x0000000000000000        0x8 avr_sub_mani.o
 .group         0x0000000000000000        0x8 avr_sub_mani.o
 .group         0x0000000000000000        0x8 avr_sub_mani.o
 .group         0x0000000000000000        0x8 avr_sub_mani.o
 .group         0x0000000000000000        0x8 avr_sub_mani.o
 .group         0x0000000000000000        0x8 avr_sub_mani.o
 .group         0x0000000000000000        0x8 avr_sub_mani.o
 .group         0x0000000000000000        0x8 avr_sub_mani.o
 .group         0x0000000000000000        0x8 avr_sub_mani.o
 .group         0x0000000000000000        0x8 avr_sub_mani.o
 .group         0x0000000000000000        0x8 avr_sub_mani.o
 .group         0x0000000000000000        0x8 avr_sub_mani.o
 .group         0x0000000000000000        0x8 avr_sub_mani.o
 .group         0x0000000000000000        0x8 avr_sub_mani.o
 .group         0x0000000000000000        0x8 avr_sub_mani.o
 .group         0x0000000000000000        0x8 avr_sub_mani.o
 .group         0x0000000000000000        0x8 avr_sub_mani.o
 .group         0x0000000000000000        0x8 avr_sub_mani.o
 .group         0x0000000000000000        0x8 avr_sub_mani.o
 .group         0x0000000000000000        0x8 avr_sub_mani.o
 .group         0x0000000000000000        0x8 avr_sub_mani.o
 .group         0x0000000000000000        0x8 avr_sub_mani.o

Memory Configuration

Name             Origin             Length             Attributes
text             0x0000000000000000 0x0000000000100000 xr
data             0x0000000000800200 0x000000000000fe00 rw !x
eeprom           0x0000000000810000 0x0000000000010000 rw !x
fuse             0x0000000000820000 0x0000000000000003 rw !x
lock             0x0000000000830000 0x0000000000000400 rw !x
signature        0x0000000000840000 0x0000000000000400 rw !x
user_signatures  0x0000000000850000 0x0000000000000400 rw !x
*default*        0x0000000000000000 0xffffffffffffffff

Linker script and memory map

Address of section .data set to 0x800200
LOAD /usr/lib/gcc/avr/5.4.0/../../../avr/lib/avr6/crtatmega2560.o
LOAD avr_time.o
LOAD avr_uart.o
LOAD mani/IncFile1.o
LOAD avr_sub_mani.o
LOAD ros_lib/time.o
LOAD ros_lib/duration.o
LOAD /usr/lib/gcc/avr/5.4.0/../../../avr/lib/avr6/libm.a
START GROUP
LOAD /usr/lib/gcc/avr/5.4.0/avr6/libgcc.a
LOAD /usr/lib/gcc/avr/5.4.0/../../../avr/lib/avr6/libm.a
LOAD /usr/lib/gcc/avr/5.4.0/../../../avr/lib/avr6/libc.a
LOAD /usr/lib/gcc/avr/5.4.0/../../../avr/lib/avr6/libatmega2560.a
END GROUP
                0x0000000000000000                __TEXT_REGION_ORIGIN__ = DEFINED (__TEXT_REGION_ORIGIN__)?__TEXT_REGION_ORIGIN__:0x0
                0x0000000000800200                __DATA_REGION_ORIGIN__ = DEFINED (__DATA_REGION_ORIGIN__)?__DATA_REGION_ORIGIN__:0x800200
                0x0000000000100000                __TEXT_REGION_LENGTH__ = DEFINED (__TEXT_REGION_LENGTH__)?__TEXT_REGION_LENGTH__:0x100000
                0x000000000000fe00                __DATA_REGION_LENGTH__ = DEFINED (__DATA_REGION_LENGTH__)?__DATA_REGION_LENGTH__:0xfe00
                0x0000000000010000                __EEPROM_REGION_LENGTH__ = DEFINED (__EEPROM_REGION_LENGTH__)?__EEPROM_REGION_LENGTH__:0x10000
                [0x0000000000000003]                __FUSE_REGION_LENGTH__ = DEFINED (__FUSE_REGION_LENGTH__)?__FUSE_REGION_LENGTH__:0x400
                0x0000000000000400                __LOCK_REGION_LENGTH__ = DEFINED (__LOCK_REGION_LENGTH__)?__LOCK_REGION_LENGTH__:0x400
                0x0000000000000400                __SIGNATURE_REGION_LENGTH__ = DEFINED (__SIGNATURE_REGION_LENGTH__)?__SIGNATURE_REGION_LENGTH__:0x400
                0x0000000000000400                __USER_SIGNATURE_REGION_LENGTH__ = DEFINED (__USER_SIGNATURE_REGION_LENGTH__)?__USER_SIGNATURE_REGION_LENGTH__:0x400

.hash
 *(.hash)

.dynsym
 *(.dynsym)

.dynstr
 *(.dynstr)

.gnu.version
 *(.gnu.version)

.gnu.version_d
 *(.gnu.version_d)

.gnu.version_r
 *(.gnu.version_r)

.rel.init
 *(.rel.init)

.rela.init
 *(.rela.init)

.rel.text
 *(.rel.text)
 *(.rel.text.*)
 *(.rel.gnu.linkonce.t*)

.rela.text
 *(.rela.text)
 *(.rela.text.*)
 *(.rela.gnu.linkonce.t*)

.rel.fini
 *(.rel.fini)

.rela.fini
 *(.rela.fini)

.rel.rodata
 *(.rel.rodata)
 *(.rel.rodata.*)
 *(.rel.gnu.linkonce.r*)

.rela.rodata
 *(.rela.rodata)
 *(.rela.rodata.*)
 *(.rela.gnu.linkonce.r*)

.rel.data
 *(.rel.data)
 *(.rel.data.*)
 *(.rel.gnu.linkonce.d*)

.rela.data
 *(.rela.data)
 *(.rela.data.*)
 *(.rela.gnu.linkonce.d*)

.rel.ctors
 *(.rel.ctors)

.rela.ctors
 *(.rela.ctors)

.rel.dtors
 *(.rel.dtors)

.rela.dtors
 *(.rela.dtors)

.rel.got
 *(.rel.got)

.rela.got
 *(.rela.got)

.rel.bss
 *(.rel.bss)

.rela.bss
 *(.rela.bss)

.rel.plt
 *(.rel.plt)

.rela.plt
 *(.rela.plt)

.text           0x0000000000000000     0x2d76
 *(.vectors)
 .vectors       0x0000000000000000       0xe4 /usr/lib/gcc/avr/5.4.0/../../../avr/lib/avr6/crtatmega2560.o
                0x0000000000000000                __vectors
                0x0000000000000000                __vector_default
 *(.vectors)
 *(.progmem.gcc*)
                0x00000000000000e4                . = ALIGN (0x2)
                0x00000000000000e4                __trampolines_start = .
 *(.trampolines)
 .trampolines   0x00000000000000e4       0x94 linker stubs
 *(.trampolines*)
                0x0000000000000178                __trampolines_end = .
 *libprintf_flt.a:*(.progmem.data)
 *libc.a:*(.progmem.data)
 *(.progmem*)
                0x0000000000000178                . = ALIGN (0x2)
 *(.jumptables)
 *(.jumptables*)
 *(.lowtext)
 *(.lowtext*)
                0x0000000000000178                __ctors_start = .
 *(.ctors)
 .ctors         0x0000000000000178        0x2 avr_sub_mani.o
                0x000000000000017a                __ctors_end = .
                0x000000000000017a                __dtors_start = .
 *(.dtors)
                0x000000000000017a                __dtors_end = .
 SORT(*)(.ctors)
 SORT(*)(.dtors)
 *(.init0)
 .init0         0x000000000000017a        0x0 /usr/lib/gcc/avr/5.4.0/../../../avr/lib/avr6/crtatmega2560.o
                0x000000000000017a                __init
 *(.init0)
 *(.init1)
 *(.init1)
 *(.init2)
 .init2         0x000000000000017a       0x10 /usr/lib/gcc/avr/5.4.0/../../../avr/lib/avr6/crtatmega2560.o
 *(.init2)
 *(.init3)
 *(.init3)
 *(.init4)
 .init4         0x000000000000018a       0x1a /usr/lib/gcc/avr/5.4.0/avr6/libgcc.a(_copy_data.o)
                0x000000000000018a                __do_copy_data
 .init4         0x00000000000001a4       0x10 /usr/lib/gcc/avr/5.4.0/avr6/libgcc.a(_clear_bss.o)
                0x00000000000001a4                __do_clear_bss
 *(.init4)
 *(.init5)
 *(.init5)
 *(.init6)
 .init6         0x00000000000001b4       0x20 /usr/lib/gcc/avr/5.4.0/avr6/libgcc.a(_ctors.o)
                0x00000000000001b4                __do_global_ctors
 *(.init6)
 *(.init7)
 *(.init7)
 *(.init8)
 *(.init8)
 *(.init9)
 .init9         0x00000000000001d4        0x8 /usr/lib/gcc/avr/5.4.0/../../../avr/lib/avr6/crtatmega2560.o
 *(.init9)
 *(.text)
 .text          0x00000000000001dc        0x4 /usr/lib/gcc/avr/5.4.0/../../../avr/lib/avr6/crtatmega2560.o
                0x00000000000001dc                __vector_38
                0x00000000000001dc                __vector_22
                0x00000000000001dc                __vector_28
                0x00000000000001dc                __vector_1
                0x00000000000001dc                __vector_32
                0x00000000000001dc                __vector_34
                0x00000000000001dc                __vector_24
                0x00000000000001dc                __vector_12
                0x00000000000001dc                __vector_55
                0x00000000000001dc                __vector_46
                0x00000000000001dc                __bad_interrupt
                0x00000000000001dc                __vector_6
                0x00000000000001dc                __vector_31
                0x00000000000001dc                __vector_35
                0x00000000000001dc                __vector_39
                0x00000000000001dc                __vector_3
                0x00000000000001dc                __vector_30
                0x00000000000001dc                __vector_45
                0x00000000000001dc                __vector_25
                0x00000000000001dc                __vector_11
                0x00000000000001dc                __vector_54
                0x00000000000001dc                __vector_13
                0x00000000000001dc                __vector_17
                0x00000000000001dc                __vector_19
                0x00000000000001dc                __vector_56
                0x00000000000001dc                __vector_7
                0x00000000000001dc                __vector_49
                0x00000000000001dc                __vector_41
                0x00000000000001dc                __vector_43
                0x00000000000001dc                __vector_27
                0x00000000000001dc                __vector_5
                0x00000000000001dc                __vector_33
                0x00000000000001dc                __vector_47
                0x00000000000001dc                __vector_52
                0x00000000000001dc                __vector_37
                0x00000000000001dc                __vector_4
                0x00000000000001dc                __vector_44
                0x00000000000001dc                __vector_51
                0x00000000000001dc                __vector_9
                0x00000000000001dc                __vector_2
                0x00000000000001dc                __vector_21
                0x00000000000001dc                __vector_15
                0x00000000000001dc                __vector_36
                0x00000000000001dc                __vector_29
                0x00000000000001dc                __vector_40
                0x00000000000001dc                __vector_8
                0x00000000000001dc                __vector_26
                0x00000000000001dc                __vector_48
                0x00000000000001dc                __vector_14
                0x00000000000001dc                __vector_53
                0x00000000000001dc                __vector_10
                0x00000000000001dc                __vector_50
                0x00000000000001dc                __vector_16
                0x00000000000001dc                __vector_18
                0x00000000000001dc                __vector_20
                0x00000000000001dc                __vector_42
 .text          0x00000000000001e0       0xd0 avr_time.o
                0x00000000000001e0                __vector_23
                0x0000000000000288                avr_time_init
                0x000000000000029a                avr_time_now
 .text          0x00000000000002b0       0x48 avr_uart.o
                0x00000000000002b0                avr_uart_init
                0x00000000000002d0                avr_uart_send_byte
                0x00000000000002e2                avr_uart_receive_byte
 .text          0x00000000000002f8      0x1d8 mani/IncFile1.o
                0x00000000000002f8                Nastroika
                0x0000000000000316                SetAngle1
                0x00000000000003b6                SetAngle2
                0x0000000000000456                SetAngle3
 .text          0x00000000000004d0       0x4e avr_sub_mani.o
                0x00000000000004d0                _Z9messageCbRKN8std_msgs17Float32MultiArrayE
                0x000000000000051c                __cxa_pure_virtual
 .text          0x000000000000051e      0x222 ros_lib/time.o
                0x000000000000051e                _ZN3ros16normalizeSecNSecERmS0_
                0x000000000000057a                _ZN3ros4Time8fromNSecEl
                0x00000000000005b4                _ZN3ros4TimepLERKNS_8DurationE
                0x0000000000000624                _ZN3ros4TimemIERKNS_8DurationE
                0x0000000000000694                _ZNK3ros4TimemiERKS0_
 .text          0x0000000000000740      0x19c ros_lib/duration.o
                0x0000000000000740                _ZN3ros22normalizeSecNSecSignedERlS0_
                0x00000000000007a6                _ZN3ros8DurationpLERKS0_
                0x000000000000080a                _ZN3ros8DurationmIERKS0_
                0x000000000000086e                _ZN3ros8DurationmLEd
 .text          0x00000000000008dc        0x0 /usr/lib/gcc/avr/5.4.0/../../../avr/lib/avr6/libm.a(addsf3.o)
 .text          0x00000000000008dc        0x0 /usr/lib/gcc/avr/5.4.0/../../../avr/lib/avr6/libm.a(addsf3x.o)
 .text          0x00000000000008dc        0x0 /usr/lib/gcc/avr/5.4.0/../../../avr/lib/avr6/libm.a(fixsfsi.o)
 .text          0x00000000000008dc        0x0 /usr/lib/gcc/avr/5.4.0/../../../avr/lib/avr6/libm.a(fixunssfsi.o)
 .text          0x00000000000008dc        0x0 /usr/lib/gcc/avr/5.4.0/../../../avr/lib/avr6/libm.a(floatsisf.o)
 .text          0x00000000000008dc        0x0 /usr/lib/gcc/avr/5.4.0/../../../avr/lib/avr6/libm.a(fp_inf.o)
 .text          0x00000000000008dc        0x0 /usr/lib/gcc/avr/5.4.0/../../../avr/lib/avr6/libm.a(fp_nan.o)
 .text          0x00000000000008dc        0x0 /usr/lib/gcc/avr/5.4.0/../../../avr/lib/avr6/libm.a(fp_pscA.o)
 .text          0x00000000000008dc        0x0 /usr/lib/gcc/avr/5.4.0/../../../avr/lib/avr6/libm.a(fp_pscB.o)
 .text          0x00000000000008dc        0x0 /usr/lib/gcc/avr/5.4.0/../../../avr/lib/avr6/libm.a(fp_round.o)
 .text          0x00000000000008dc        0x0 /usr/lib/gcc/avr/5.4.0/../../../avr/lib/avr6/libm.a(fp_split3.o)
 .text          0x00000000000008dc        0x0 /usr/lib/gcc/avr/5.4.0/../../../avr/lib/avr6/libm.a(fp_zero.o)
 .text          0x00000000000008dc        0x0 /usr/lib/gcc/avr/5.4.0/../../../avr/lib/avr6/libm.a(mulsf3.o)
 .text          0x00000000000008dc        0x0 /usr/lib/gcc/avr/5.4.0/../../../avr/lib/avr6/libm.a(mulsf3x.o)
 .text          0x00000000000008dc        0x0 /usr/lib/gcc/avr/5.4.0/avr6/libgcc.a(_mulsi3.o)
 .text          0x00000000000008dc        0x0 /usr/lib/gcc/avr/5.4.0/avr6/libgcc.a(_divmodhi4.o)
 .text          0x00000000000008dc        0x0 /usr/lib/gcc/avr/5.4.0/avr6/libgcc.a(_udivmodsi4.o)
 .text          0x00000000000008dc        0x0 /usr/lib/gcc/avr/5.4.0/avr6/libgcc.a(_divmodsi4.o)
 .text          0x00000000000008dc        0x0 /usr/lib/gcc/avr/5.4.0/avr6/libgcc.a(_negsi2.o)
 .text          0x00000000000008dc        0x0 /usr/lib/gcc/avr/5.4.0/avr6/libgcc.a(_exit.o)
 .text          0x00000000000008dc        0x0 /usr/lib/gcc/avr/5.4.0/avr6/libgcc.a(_copy_data.o)
 .text          0x00000000000008dc        0x0 /usr/lib/gcc/avr/5.4.0/avr6/libgcc.a(_clear_bss.o)
 .text          0x00000000000008dc        0x0 /usr/lib/gcc/avr/5.4.0/avr6/libgcc.a(_ctors.o)
 .text          0x00000000000008dc        0x0 /usr/lib/gcc/avr/5.4.0/avr6/libgcc.a(_muluhisi3.o)
 .text          0x00000000000008dc        0x0 /usr/lib/gcc/avr/5.4.0/avr6/libgcc.a(_udivmodhi4.o)
 .text          0x00000000000008dc        0x0 /usr/lib/gcc/avr/5.4.0/avr6/libgcc.a(_tablejump2.o)
 .text          0x00000000000008dc        0x0 /usr/lib/gcc/avr/5.4.0/avr6/libgcc.a(_umulhisi3.o)
 .text          0x00000000000008dc        0x0 /usr/lib/gcc/avr/5.4.0/../../../avr/lib/avr6/libc.a(realloc.o)
 .text          0x00000000000008dc        0x0 /usr/lib/gcc/avr/5.4.0/../../../avr/lib/avr6/libc.a(memcpy.o)
 .text          0x00000000000008dc        0x0 /usr/lib/gcc/avr/5.4.0/../../../avr/lib/avr6/libc.a(malloc.o)
                0x00000000000008dc                . = ALIGN (0x2)
 *(.text.*)
 .text._ZNK8std_msgs4Time9serializeEPh
                0x00000000000008dc       0x48 avr_sub_mani.o
                0x00000000000008dc                _ZNK8std_msgs4Time9serializeEPh
 .text._ZN8std_msgs4Time11deserializeEPh
                0x0000000000000924       0x8c avr_sub_mani.o
                0x0000000000000924                _ZN8std_msgs4Time11deserializeEPh
 .text._ZN8std_msgs4Time7getTypeEv
                0x00000000000009b0        0x6 avr_sub_mani.o
                0x00000000000009b0                _ZN8std_msgs4Time7getTypeEv
 .text._ZN8std_msgs4Time6getMD5Ev
                0x00000000000009b6        0x6 avr_sub_mani.o
                0x00000000000009b6                _ZN8std_msgs4Time6getMD5Ev
 .text._ZN14rosserial_msgs9TopicInfo7getTypeEv
                0x00000000000009bc        0x6 avr_sub_mani.o
                0x00000000000009bc                _ZN14rosserial_msgs9TopicInfo7getTypeEv
 .text._ZN14rosserial_msgs9TopicInfo6getMD5Ev
                0x00000000000009c2        0x6 avr_sub_mani.o
                0x00000000000009c2                _ZN14rosserial_msgs9TopicInfo6getMD5Ev
 .text._ZN14rosserial_msgs3Log7getTypeEv
                0x00000000000009c8        0x6 avr_sub_mani.o
                0x00000000000009c8                _ZN14rosserial_msgs3Log7getTypeEv
 .text._ZN14rosserial_msgs3Log6getMD5Ev
                0x00000000000009ce        0x6 avr_sub_mani.o
                0x00000000000009ce                _ZN14rosserial_msgs3Log6getMD5Ev
 .text._ZN14rosserial_msgs20RequestParamResponse7getTypeEv
                0x00000000000009d4        0x6 avr_sub_mani.o
                0x00000000000009d4                _ZN14rosserial_msgs20RequestParamResponse7getTypeEv
 .text._ZN14rosserial_msgs20RequestParamResponse6getMD5Ev
                0x00000000000009da        0x6 avr_sub_mani.o
                0x00000000000009da                _ZN14rosserial_msgs20RequestParamResponse6getMD5Ev
 .text._ZN8std_msgs19MultiArrayDimension7getTypeEv
                0x00000000000009e0        0x6 avr_sub_mani.o
                0x00000000000009e0                _ZN8std_msgs19MultiArrayDimension7getTypeEv
 .text._ZN8std_msgs19MultiArrayDimension6getMD5Ev
                0x00000000000009e6        0x6 avr_sub_mani.o
                0x00000000000009e6                _ZN8std_msgs19MultiArrayDimension6getMD5Ev
 .text._ZNK8std_msgs16MultiArrayLayout9serializeEPh
                0x00000000000009ec       0xbe avr_sub_mani.o
                0x00000000000009ec                _ZNK8std_msgs16MultiArrayLayout9serializeEPh
 .text._ZN8std_msgs16MultiArrayLayout7getTypeEv
                0x0000000000000aaa        0x6 avr_sub_mani.o
                0x0000000000000aaa                _ZN8std_msgs16MultiArrayLayout7getTypeEv
 .text._ZN8std_msgs16MultiArrayLayout6getMD5Ev
                0x0000000000000ab0        0x6 avr_sub_mani.o
                0x0000000000000ab0                _ZN8std_msgs16MultiArrayLayout6getMD5Ev
 .text._ZNK8std_msgs17Float32MultiArray9serializeEPh
                0x0000000000000ab6       0x9a avr_sub_mani.o
                0x0000000000000ab6                _ZNK8std_msgs17Float32MultiArray9serializeEPh
 .text._ZN8std_msgs17Float32MultiArray7getTypeEv
                0x0000000000000b50        0x6 avr_sub_mani.o
                0x0000000000000b50                _ZN8std_msgs17Float32MultiArray7getTypeEv
 .text._ZN8std_msgs17Float32MultiArray6getMD5Ev
                0x0000000000000b56        0x6 avr_sub_mani.o
                0x0000000000000b56                _ZN8std_msgs17Float32MultiArray6getMD5Ev
 .text._ZN3ros10SubscriberIN8std_msgs17Float32MultiArrayEvE15getEndpointTypeEv
                0x0000000000000b5c        0x8 avr_sub_mani.o
                0x0000000000000b5c                _ZN3ros10SubscriberIN8std_msgs17Float32MultiArrayEvE15getEndpointTypeEv
 .text._ZN3ros10SubscriberIN8std_msgs17Float32MultiArrayEvE10getMsgTypeEv
                0x0000000000000b64        0x6 avr_sub_mani.o
                0x0000000000000b64                _ZN3ros10SubscriberIN8std_msgs17Float32MultiArrayEvE10getMsgTypeEv
 .text._ZN3ros10SubscriberIN8std_msgs17Float32MultiArrayEvE9getMsgMD5Ev
                0x0000000000000b6a        0x6 avr_sub_mani.o
                0x0000000000000b6a                _ZN3ros10SubscriberIN8std_msgs17Float32MultiArrayEvE9getMsgMD5Ev
 .text._ZN3ros11NodeHandle_I18Atmega2560HardwareLi25ELi25ELi512ELi512EE9connectedEv
                0x0000000000000b70        0xa avr_sub_mani.o
                0x0000000000000b70                _ZN3ros11NodeHandle_I18Atmega2560HardwareLi25ELi25ELi512ELi512EE9connectedEv
 .text._ZN3ros11NodeHandle_I18Atmega2560HardwareLi25ELi25ELi512ELi512EE7publishEiPKNS_3MsgE
                0x0000000000000b7a      0x12c avr_sub_mani.o
                0x0000000000000b7a                _ZN3ros11NodeHandle_I18Atmega2560HardwareLi25ELi25ELi512ELi512EE7publishEiPKNS_3MsgE
 .text._ZN3ros3Msg8varToArrIPhmEEvT_T0_
                0x0000000000000ca6       0x3a avr_sub_mani.o
                0x0000000000000ca6                _ZN3ros3Msg8varToArrIPhmEEvT_T0_
 .text._ZNK8std_msgs19MultiArrayDimension9serializeEPh
                0x0000000000000ce0       0x76 avr_sub_mani.o
                0x0000000000000ce0                _ZNK8std_msgs19MultiArrayDimension9serializeEPh
 .text._ZNK14rosserial_msgs20RequestParamResponse9serializeEPh
                0x0000000000000d56      0x1b2 avr_sub_mani.o
                0x0000000000000d56                _ZNK14rosserial_msgs20RequestParamResponse9serializeEPh
 .text._ZNK14rosserial_msgs3Log9serializeEPh
                0x0000000000000f08       0x64 avr_sub_mani.o
                0x0000000000000f08                _ZNK14rosserial_msgs3Log9serializeEPh
 .text._ZNK14rosserial_msgs9TopicInfo9serializeEPh
                0x0000000000000f6c      0x122 avr_sub_mani.o
                0x0000000000000f6c                _ZNK14rosserial_msgs9TopicInfo9serializeEPh
 .text._ZN3ros3Msg8arrToVarImPhEEvRT_T0_
                0x000000000000108e       0x5c avr_sub_mani.o
                0x000000000000108e                _ZN3ros3Msg8arrToVarImPhEEvRT_T0_
 .text._ZN8std_msgs19MultiArrayDimension11deserializeEPh
                0x00000000000010ea      0x12a avr_sub_mani.o
                0x00000000000010ea                _ZN8std_msgs19MultiArrayDimension11deserializeEPh
 .text._ZN8std_msgs16MultiArrayLayout11deserializeEPh
                0x0000000000001214      0x112 avr_sub_mani.o
                0x0000000000001214                _ZN8std_msgs16MultiArrayLayout11deserializeEPh
 .text._ZN8std_msgs17Float32MultiArray11deserializeEPh
                0x0000000000001326      0x102 avr_sub_mani.o
                0x0000000000001326                _ZN8std_msgs17Float32MultiArray11deserializeEPh
 .text._ZN3ros10SubscriberIN8std_msgs17Float32MultiArrayEvE8callbackEPh
                0x0000000000001428       0x2a avr_sub_mani.o
                0x0000000000001428                _ZN3ros10SubscriberIN8std_msgs17Float32MultiArrayEvE8callbackEPh
 .text._ZN14rosserial_msgs3Log11deserializeEPh
                0x0000000000001452       0xac avr_sub_mani.o
                0x0000000000001452                _ZN14rosserial_msgs3Log11deserializeEPh
 .text._ZN14rosserial_msgs9TopicInfo11deserializeEPh
                0x00000000000014fe      0x1dc avr_sub_mani.o
                0x00000000000014fe                _ZN14rosserial_msgs9TopicInfo11deserializeEPh
 .text._ZN14rosserial_msgs20RequestParamResponse11deserializeEPh
                0x00000000000016da      0x376 avr_sub_mani.o
                0x00000000000016da                _ZN14rosserial_msgs20RequestParamResponse11deserializeEPh
 .text._ZN3ros11NodeHandle_I18Atmega2560HardwareLi25ELi25ELi512ELi512EE15requestSyncTimeEv
                0x0000000000001a50       0x70 avr_sub_mani.o
                0x0000000000001a50                _ZN3ros11NodeHandle_I18Atmega2560HardwareLi25ELi25ELi512ELi512EE15requestSyncTimeEv
 .text._ZN3ros11NodeHandle_I18Atmega2560HardwareLi25ELi25ELi512ELi512EE15negotiateTopicsEv
                0x0000000000001ac0      0x1ca avr_sub_mani.o
                0x0000000000001ac0                _ZN3ros11NodeHandle_I18Atmega2560HardwareLi25ELi25ELi512ELi512EE15negotiateTopicsEv
 .text._ZN3ros11NodeHandle_I18Atmega2560HardwareLi25ELi25ELi512ELi512EE8syncTimeEPh
                0x0000000000001c8a      0x174 avr_sub_mani.o
                0x0000000000001c8a                _ZN3ros11NodeHandle_I18Atmega2560HardwareLi25ELi25ELi512ELi512EE8syncTimeEPh
 .text._ZN3ros11NodeHandle_I18Atmega2560HardwareLi25ELi25ELi512ELi512EE8spinOnceEv
                0x0000000000001dfe      0x480 avr_sub_mani.o
                0x0000000000001dfe                _ZN3ros11NodeHandle_I18Atmega2560HardwareLi25ELi25ELi512ELi512EE8spinOnceEv
 .text.startup  0x000000000000227e      0x264 avr_sub_mani.o
                0x000000000000227e                main
 .text.avr-libc.fplib
                0x00000000000024e2        0xe /usr/lib/gcc/avr/5.4.0/../../../avr/lib/avr6/libm.a(addsf3.o)
                0x00000000000024e2                __subsf3
                0x00000000000024e4                __addsf3
 .text.avr-libc.fplib
                0x00000000000024f0       0xcc /usr/lib/gcc/avr/5.4.0/../../../avr/lib/avr6/libm.a(addsf3x.o)
                0x0000000000002512                __addsf3x
 .text.avr-libc.fplib
                0x00000000000025bc        0xe /usr/lib/gcc/avr/5.4.0/../../../avr/lib/avr6/libm.a(fixsfsi.o)
                0x00000000000025bc                __fixsfsi
 .text.avr-libc.fplib
                0x00000000000025ca       0x5e /usr/lib/gcc/avr/5.4.0/../../../avr/lib/avr6/libm.a(fixunssfsi.o)
                0x00000000000025ca                __fixunssfsi
 .text.avr-libc.fplib
                0x0000000000002628       0x7a /usr/lib/gcc/avr/5.4.0/../../../avr/lib/avr6/libm.a(floatsisf.o)
                0x0000000000002628                __floatunsisf
                0x000000000000262c                __floatsisf
 .text.avr-libc.fplib
                0x00000000000026a2        0xc /usr/lib/gcc/avr/5.4.0/../../../avr/lib/avr6/libm.a(fp_inf.o)
                0x00000000000026a2                __fp_inf
 .text.avr-libc.fplib
                0x00000000000026ae        0x6 /usr/lib/gcc/avr/5.4.0/../../../avr/lib/avr6/libm.a(fp_nan.o)
                0x00000000000026ae                __fp_nan
 .text.avr-libc.fplib
                0x00000000000026b4        0xe /usr/lib/gcc/avr/5.4.0/../../../avr/lib/avr6/libm.a(fp_pscA.o)
                0x00000000000026b4                __fp_pscA
 .text.avr-libc.fplib
                0x00000000000026c2        0xe /usr/lib/gcc/avr/5.4.0/../../../avr/lib/avr6/libm.a(fp_pscB.o)
                0x00000000000026c2                __fp_pscB
 .text.avr-libc.fplib
                0x00000000000026d0       0x22 /usr/lib/gcc/avr/5.4.0/../../../avr/lib/avr6/libm.a(fp_round.o)
                0x00000000000026d0                __fp_round
 .text.avr-libc.fplib
                0x00000000000026f2       0x44 /usr/lib/gcc/avr/5.4.0/../../../avr/lib/avr6/libm.a(fp_split3.o)
                0x00000000000026f2                __fp_split3
                0x0000000000002702                __fp_splitA
 .text.avr-libc.fplib
                0x0000000000002736        0xe /usr/lib/gcc/avr/5.4.0/../../../avr/lib/avr6/libm.a(fp_zero.o)
                0x0000000000002736                __fp_zero
                0x0000000000002738                __fp_szero
 .text.avr-libc.fplib
                0x0000000000002744        0x8 /usr/lib/gcc/avr/5.4.0/../../../avr/lib/avr6/libm.a(mulsf3.o)
                0x0000000000002744                __mulsf3
 .text.avr-libc.fplib
                0x000000000000274c       0xd2 /usr/lib/gcc/avr/5.4.0/../../../avr/lib/avr6/libm.a(mulsf3x.o)
                0x000000000000276a                __mulsf3x
                0x0000000000002770                __mulsf3_pse
 .text.libgcc.mul
                0x000000000000281e       0x20 /usr/lib/gcc/avr/5.4.0/avr6/libgcc.a(_mulsi3.o)
                0x000000000000281e                __mulsi3
 .text.libgcc.div
                0x000000000000283e        0x0 /usr/lib/gcc/avr/5.4.0/avr6/libgcc.a(_mulsi3.o)
 .text.libgcc   0x000000000000283e        0x0 /usr/lib/gcc/avr/5.4.0/avr6/libgcc.a(_mulsi3.o)
 .text.libgcc.prologue
                0x000000000000283e        0x0 /usr/lib/gcc/avr/5.4.0/avr6/libgcc.a(_mulsi3.o)
 .text.libgcc.builtins
                0x000000000000283e        0x0 /usr/lib/gcc/avr/5.4.0/avr6/libgcc.a(_mulsi3.o)
 .text.libgcc.fmul
                0x000000000000283e        0x0 /usr/lib/gcc/avr/5.4.0/avr6/libgcc.a(_mulsi3.o)
 .text.libgcc.fixed
                0x000000000000283e        0x0 /usr/lib/gcc/avr/5.4.0/avr6/libgcc.a(_mulsi3.o)
 .text.libgcc.mul
                0x000000000000283e        0x0 /usr/lib/gcc/avr/5.4.0/avr6/libgcc.a(_divmodhi4.o)
 .text.libgcc.div
                0x000000000000283e       0x28 /usr/lib/gcc/avr/5.4.0/avr6/libgcc.a(_divmodhi4.o)
                0x000000000000283e                __divmodhi4
                0x000000000000283e                _div
 .text.libgcc   0x0000000000002866        0x0 /usr/lib/gcc/avr/5.4.0/avr6/libgcc.a(_divmodhi4.o)
 .text.libgcc.prologue
                0x0000000000002866        0x0 /usr/lib/gcc/avr/5.4.0/avr6/libgcc.a(_divmodhi4.o)
 .text.libgcc.builtins
                0x0000000000002866        0x0 /usr/lib/gcc/avr/5.4.0/avr6/libgcc.a(_divmodhi4.o)
 .text.libgcc.fmul
                0x0000000000002866        0x0 /usr/lib/gcc/avr/5.4.0/avr6/libgcc.a(_divmodhi4.o)
 .text.libgcc.fixed
                0x0000000000002866        0x0 /usr/lib/gcc/avr/5.4.0/avr6/libgcc.a(_divmodhi4.o)
 .text.libgcc.mul
                0x0000000000002866        0x0 /usr/lib/gcc/avr/5.4.0/avr6/libgcc.a(_udivmodsi4.o)
 .text.libgcc.div
                0x0000000000002866       0x44 /usr/lib/gcc/avr/5.4.0/avr6/libgcc.a(_udivmodsi4.o)
                0x0000000000002866                __udivmodsi4
 .text.libgcc   0x00000000000028aa        0x0 /usr/lib/gcc/avr/5.4.0/avr6/libgcc.a(_udivmodsi4.o)
 .text.libgcc.prologue
                0x00000000000028aa        0x0 /usr/lib/gcc/avr/5.4.0/avr6/libgcc.a(_udivmodsi4.o)
 .text.libgcc.builtins
                0x00000000000028aa        0x0 /usr/lib/gcc/avr/5.4.0/avr6/libgcc.a(_udivmodsi4.o)
 .text.libgcc.fmul
                0x00000000000028aa        0x0 /usr/lib/gcc/avr/5.4.0/avr6/libgcc.a(_udivmodsi4.o)
 .text.libgcc.fixed
                0x00000000000028aa        0x0 /usr/lib/gcc/avr/5.4.0/avr6/libgcc.a(_udivmodsi4.o)
 .text.libgcc.mul
                0x00000000000028aa        0x0 /usr/lib/gcc/avr/5.4.0/avr6/libgcc.a(_divmodsi4.o)
 .text.libgcc.div
                0x00000000000028aa       0x2e /usr/lib/gcc/avr/5.4.0/avr6/libgcc.a(_divmodsi4.o)
                0x00000000000028aa                __divmodsi4
 .text.libgcc   0x00000000000028d8        0x0 /usr/lib/gcc/avr/5.4.0/avr6/libgcc.a(_divmodsi4.o)
 .text.libgcc.prologue
                0x00000000000028d8        0x0 /usr/lib/gcc/avr/5.4.0/avr6/libgcc.a(_divmodsi4.o)
 .text.libgcc.builtins
                0x00000000000028d8        0x0 /usr/lib/gcc/avr/5.4.0/avr6/libgcc.a(_divmodsi4.o)
 .text.libgcc.fmul
                0x00000000000028d8        0x0 /usr/lib/gcc/avr/5.4.0/avr6/libgcc.a(_divmodsi4.o)
 .text.libgcc.fixed
                0x00000000000028d8        0x0 /usr/lib/gcc/avr/5.4.0/avr6/libgcc.a(_divmodsi4.o)
 .text.libgcc.mul
                0x00000000000028d8        0x0 /usr/lib/gcc/avr/5.4.0/avr6/libgcc.a(_negsi2.o)
 .text.libgcc.div
                0x00000000000028d8       0x10 /usr/lib/gcc/avr/5.4.0/avr6/libgcc.a(_negsi2.o)
                0x00000000000028d8                __negsi2
 .text.libgcc   0x00000000000028e8        0x0 /usr/lib/gcc/avr/5.4.0/avr6/libgcc.a(_negsi2.o)
 .text.libgcc.prologue
                0x00000000000028e8        0x0 /usr/lib/gcc/avr/5.4.0/avr6/libgcc.a(_negsi2.o)
 .text.libgcc.builtins
                0x00000000000028e8        0x0 /usr/lib/gcc/avr/5.4.0/avr6/libgcc.a(_negsi2.o)
 .text.libgcc.fmul
                0x00000000000028e8        0x0 /usr/lib/gcc/avr/5.4.0/avr6/libgcc.a(_negsi2.o)
 .text.libgcc.fixed
                0x00000000000028e8        0x0 /usr/lib/gcc/avr/5.4.0/avr6/libgcc.a(_negsi2.o)
 .text.libgcc.mul
                0x00000000000028e8        0x0 /usr/lib/gcc/avr/5.4.0/avr6/libgcc.a(_exit.o)
 .text.libgcc.div
                0x00000000000028e8        0x0 /usr/lib/gcc/avr/5.4.0/avr6/libgcc.a(_exit.o)
 .text.libgcc   0x00000000000028e8        0x0 /usr/lib/gcc/avr/5.4.0/avr6/libgcc.a(_exit.o)
 .text.libgcc.prologue
                0x00000000000028e8        0x0 /usr/lib/gcc/avr/5.4.0/avr6/libgcc.a(_exit.o)
 .text.libgcc.builtins
                0x00000000000028e8        0x0 /usr/lib/gcc/avr/5.4.0/avr6/libgcc.a(_exit.o)
 .text.libgcc.fmul
                0x00000000000028e8        0x0 /usr/lib/gcc/avr/5.4.0/avr6/libgcc.a(_exit.o)
 .text.libgcc.fixed
                0x00000000000028e8        0x0 /usr/lib/gcc/avr/5.4.0/avr6/libgcc.a(_exit.o)
 .text.libgcc.mul
                0x00000000000028e8        0x0 /usr/lib/gcc/avr/5.4.0/avr6/libgcc.a(_copy_data.o)
 .text.libgcc.div
                0x00000000000028e8        0x0 /usr/lib/gcc/avr/5.4.0/avr6/libgcc.a(_copy_data.o)
 .text.libgcc   0x00000000000028e8        0x0 /usr/lib/gcc/avr/5.4.0/avr6/libgcc.a(_copy_data.o)
 .text.libgcc.prologue
                0x00000000000028e8        0x0 /usr/lib/gcc/avr/5.4.0/avr6/libgcc.a(_copy_data.o)
 .text.libgcc.builtins
                0x00000000000028e8        0x0 /usr/lib/gcc/avr/5.4.0/avr6/libgcc.a(_copy_data.o)
 .text.libgcc.fmul
                0x00000000000028e8        0x0 /usr/lib/gcc/avr/5.4.0/avr6/libgcc.a(_copy_data.o)
 .text.libgcc.fixed
                0x00000000000028e8        0x0 /usr/lib/gcc/avr/5.4.0/avr6/libgcc.a(_copy_data.o)
 .text.libgcc.mul
                0x00000000000028e8        0x0 /usr/lib/gcc/avr/5.4.0/avr6/libgcc.a(_clear_bss.o)
 .text.libgcc.div
                0x00000000000028e8        0x0 /usr/lib/gcc/avr/5.4.0/avr6/libgcc.a(_clear_bss.o)
 .text.libgcc   0x00000000000028e8        0x0 /usr/lib/gcc/avr/5.4.0/avr6/libgcc.a(_clear_bss.o)
 .text.libgcc.prologue
                0x00000000000028e8        0x0 /usr/lib/gcc/avr/5.4.0/avr6/libgcc.a(_clear_bss.o)
 .text.libgcc.builtins
                0x00000000000028e8        0x0 /usr/lib/gcc/avr/5.4.0/avr6/libgcc.a(_clear_bss.o)
 .text.libgcc.fmul
                0x00000000000028e8        0x0 /usr/lib/gcc/avr/5.4.0/avr6/libgcc.a(_clear_bss.o)
 .text.libgcc.fixed
                0x00000000000028e8        0x0 /usr/lib/gcc/avr/5.4.0/avr6/libgcc.a(_clear_bss.o)
 .text.libgcc.mul
                0x00000000000028e8        0x0 /usr/lib/gcc/avr/5.4.0/avr6/libgcc.a(_ctors.o)
 .text.libgcc.div
                0x00000000000028e8        0x0 /usr/lib/gcc/avr/5.4.0/avr6/libgcc.a(_ctors.o)
 .text.libgcc   0x00000000000028e8        0x0 /usr/lib/gcc/avr/5.4.0/avr6/libgcc.a(_ctors.o)
 .text.libgcc.prologue
                0x00000000000028e8        0x0 /usr/lib/gcc/avr/5.4.0/avr6/libgcc.a(_ctors.o)
 .text.libgcc.builtins
                0x00000000000028e8        0x0 /usr/lib/gcc/avr/5.4.0/avr6/libgcc.a(_ctors.o)
 .text.libgcc.fmul
                0x00000000000028e8        0x0 /usr/lib/gcc/avr/5.4.0/avr6/libgcc.a(_ctors.o)
 .text.libgcc.fixed
                0x00000000000028e8        0x0 /usr/lib/gcc/avr/5.4.0/avr6/libgcc.a(_ctors.o)
 .text.libgcc.mul
                0x00000000000028e8       0x16 /usr/lib/gcc/avr/5.4.0/avr6/libgcc.a(_muluhisi3.o)
                0x00000000000028e8                __muluhisi3
 .text.libgcc.div
                0x00000000000028fe        0x0 /usr/lib/gcc/avr/5.4.0/avr6/libgcc.a(_muluhisi3.o)
 .text.libgcc   0x00000000000028fe        0x0 /usr/lib/gcc/avr/5.4.0/avr6/libgcc.a(_muluhisi3.o)
 .text.libgcc.prologue
                0x00000000000028fe        0x0 /usr/lib/gcc/avr/5.4.0/avr6/libgcc.a(_muluhisi3.o)
 .text.libgcc.builtins
                0x00000000000028fe        0x0 /usr/lib/gcc/avr/5.4.0/avr6/libgcc.a(_muluhisi3.o)
 .text.libgcc.fmul
                0x00000000000028fe        0x0 /usr/lib/gcc/avr/5.4.0/avr6/libgcc.a(_muluhisi3.o)
 .text.libgcc.fixed
                0x00000000000028fe        0x0 /usr/lib/gcc/avr/5.4.0/avr6/libgcc.a(_muluhisi3.o)
 .text.libgcc.mul
                0x00000000000028fe        0x0 /usr/lib/gcc/avr/5.4.0/avr6/libgcc.a(_udivmodhi4.o)
 .text.libgcc.div
                0x00000000000028fe       0x28 /usr/lib/gcc/avr/5.4.0/avr6/libgcc.a(_udivmodhi4.o)
                0x00000000000028fe                __udivmodhi4
 .text.libgcc   0x0000000000002926        0x0 /usr/lib/gcc/avr/5.4.0/avr6/libgcc.a(_udivmodhi4.o)
 .text.libgcc.prologue
                0x0000000000002926        0x0 /usr/lib/gcc/avr/5.4.0/avr6/libgcc.a(_udivmodhi4.o)
 .text.libgcc.builtins
                0x0000000000002926        0x0 /usr/lib/gcc/avr/5.4.0/avr6/libgcc.a(_udivmodhi4.o)
 .text.libgcc.fmul
                0x0000000000002926        0x0 /usr/lib/gcc/avr/5.4.0/avr6/libgcc.a(_udivmodhi4.o)
 .text.libgcc.fixed
                0x0000000000002926        0x0 /usr/lib/gcc/avr/5.4.0/avr6/libgcc.a(_udivmodhi4.o)
 .text.libgcc.mul
                0x0000000000002926        0x0 /usr/lib/gcc/avr/5.4.0/avr6/libgcc.a(_tablejump2.o)
 .text.libgcc.div
                0x0000000000002926        0x0 /usr/lib/gcc/avr/5.4.0/avr6/libgcc.a(_tablejump2.o)
 .text.libgcc   0x0000000000002926       0x10 /usr/lib/gcc/avr/5.4.0/avr6/libgcc.a(_tablejump2.o)
                0x0000000000002926                __tablejump2__
 .text.libgcc.prologue
                0x0000000000002936        0x0 /usr/lib/gcc/avr/5.4.0/avr6/libgcc.a(_tablejump2.o)
 .text.libgcc.builtins
                0x0000000000002936        0x0 /usr/lib/gcc/avr/5.4.0/avr6/libgcc.a(_tablejump2.o)
 .text.libgcc.fmul
                0x0000000000002936        0x0 /usr/lib/gcc/avr/5.4.0/avr6/libgcc.a(_tablejump2.o)
 .text.libgcc.fixed
                0x0000000000002936        0x0 /usr/lib/gcc/avr/5.4.0/avr6/libgcc.a(_tablejump2.o)
 .text.libgcc.mul
                0x0000000000002936       0x1e /usr/lib/gcc/avr/5.4.0/avr6/libgcc.a(_umulhisi3.o)
                0x0000000000002936                __umulhisi3
 .text.libgcc.div
                0x0000000000002954        0x0 /usr/lib/gcc/avr/5.4.0/avr6/libgcc.a(_umulhisi3.o)
 .text.libgcc   0x0000000000002954        0x0 /usr/lib/gcc/avr/5.4.0/avr6/libgcc.a(_umulhisi3.o)
 .text.libgcc.prologue
                0x0000000000002954        0x0 /usr/lib/gcc/avr/5.4.0/avr6/libgcc.a(_umulhisi3.o)
 .text.libgcc.builtins
                0x0000000000002954        0x0 /usr/lib/gcc/avr/5.4.0/avr6/libgcc.a(_umulhisi3.o)
 .text.libgcc.fmul
                0x0000000000002954        0x0 /usr/lib/gcc/avr/5.4.0/avr6/libgcc.a(_umulhisi3.o)
 .text.libgcc.fixed
                0x0000000000002954        0x0 /usr/lib/gcc/avr/5.4.0/avr6/libgcc.a(_umulhisi3.o)
 .text.avr-libc
                0x0000000000002954      0x1ca /usr/lib/gcc/avr/5.4.0/../../../avr/lib/avr6/libc.a(realloc.o)
                0x0000000000002954                realloc
 .text.avr-libc
                0x0000000000002b1e       0x12 /usr/lib/gcc/avr/5.4.0/../../../avr/lib/avr6/libc.a(memcpy.o)
                0x0000000000002b1e                memcpy
 .text.avr-libc
                0x0000000000002b30      0x242 /usr/lib/gcc/avr/5.4.0/../../../avr/lib/avr6/libc.a(malloc.o)
                0x0000000000002b30                malloc
                0x0000000000002c60                free
                0x0000000000002d72                . = ALIGN (0x2)
 *(.fini9)
 .fini9         0x0000000000002d72        0x0 /usr/lib/gcc/avr/5.4.0/avr6/libgcc.a(_exit.o)
                0x0000000000002d72                exit
                0x0000000000002d72                _exit
 *(.fini9)
 *(.fini8)
 *(.fini8)
 *(.fini7)
 *(.fini7)
 *(.fini6)
 *(.fini6)
 *(.fini5)
 *(.fini5)
 *(.fini4)
 *(.fini4)
 *(.fini3)
 *(.fini3)
 *(.fini2)
 *(.fini2)
 *(.fini1)
 *(.fini1)
 *(.fini0)
 .fini0         0x0000000000002d72        0x4 /usr/lib/gcc/avr/5.4.0/avr6/libgcc.a(_exit.o)
 *(.fini0)
                0x0000000000002d76                _etext = .

.data           0x0000000000800200      0x244 load address 0x0000000000002d76
                0x0000000000800200                PROVIDE (__data_start, .)
 *(.data)
 .data          0x0000000000800200        0x0 /usr/lib/gcc/avr/5.4.0/../../../avr/lib/avr6/crtatmega2560.o
 .data          0x0000000000800200        0x0 avr_time.o
 .data          0x0000000000800200        0x0 avr_uart.o
 .data          0x0000000000800200        0x4 mani/IncFile1.o
                0x0000000000800200                centr
 .data          0x0000000000800204        0x2 avr_sub_mani.o
                0x0000000000800204                my_delay
 .data          0x0000000000800206        0x0 ros_lib/time.o
 .data          0x0000000000800206        0x0 ros_lib/duration.o
 .data          0x0000000000800206        0x0 /usr/lib/gcc/avr/5.4.0/../../../avr/lib/avr6/libm.a(addsf3.o)
 .data          0x0000000000800206        0x0 /usr/lib/gcc/avr/5.4.0/../../../avr/lib/avr6/libm.a(addsf3x.o)
 .data          0x0000000000800206        0x0 /usr/lib/gcc/avr/5.4.0/../../../avr/lib/avr6/libm.a(fixsfsi.o)
 .data          0x0000000000800206        0x0 /usr/lib/gcc/avr/5.4.0/../../../avr/lib/avr6/libm.a(fixunssfsi.o)
 .data          0x0000000000800206        0x0 /usr/lib/gcc/avr/5.4.0/../../../avr/lib/avr6/libm.a(floatsisf.o)
 .data          0x0000000000800206        0x0 /usr/lib/gcc/avr/5.4.0/../../../avr/lib/avr6/libm.a(fp_inf.o)
 .data          0x0000000000800206        0x0 /usr/lib/gcc/avr/5.4.0/../../../avr/lib/avr6/libm.a(fp_nan.o)
 .data          0x0000000000800206        0x0 /usr/lib/gcc/avr/5.4.0/../../../avr/lib/avr6/libm.a(fp_pscA.o)
 .data          0x0000000000800206        0x0 /usr/lib/gcc/avr/5.4.0/../../../avr/lib/avr6/libm.a(fp_pscB.o)
 .data          0x0000000000800206        0x0 /usr/lib/gcc/avr/5.4.0/../../../avr/lib/avr6/libm.a(fp_round.o)
 .data          0x0000000000800206        0x0 /usr/lib/gcc/avr/5.4.0/../../../avr/lib/avr6/libm.a(fp_split3.o)
 .data          0x0000000000800206        0x0 /usr/lib/gcc/avr/5.4.0/../../../avr/lib/avr6/libm.a(fp_zero.o)
 .data          0x0000000000800206        0x0 /usr/lib/gcc/avr/5.4.0/../../../avr/lib/avr6/libm.a(mulsf3.o)
 .data          0x0000000000800206        0x0 /usr/lib/gcc/avr/5.4.0/../../../avr/lib/avr6/libm.a(mulsf3x.o)
 .data          0x0000000000800206        0x0 /usr/lib/gcc/avr/5.4.0/avr6/libgcc.a(_mulsi3.o)
 .data          0x0000000000800206        0x0 /usr/lib/gcc/avr/5.4.0/avr6/libgcc.a(_divmodhi4.o)
 .data          0x0000000000800206        0x0 /usr/lib/gcc/avr/5.4.0/avr6/libgcc.a(_udivmodsi4.o)
 .data          0x0000000000800206        0x0 /usr/lib/gcc/avr/5.4.0/avr6/libgcc.a(_divmodsi4.o)
 .data          0x0000000000800206        0x0 /usr/lib/gcc/avr/5.4.0/avr6/libgcc.a(_negsi2.o)
 .data          0x0000000000800206        0x0 /usr/lib/gcc/avr/5.4.0/avr6/libgcc.a(_exit.o)
 .data          0x0000000000800206        0x0 /usr/lib/gcc/avr/5.4.0/avr6/libgcc.a(_copy_data.o)
 .data          0x0000000000800206        0x0 /usr/lib/gcc/avr/5.4.0/avr6/libgcc.a(_clear_bss.o)
 .data          0x0000000000800206        0x0 /usr/lib/gcc/avr/5.4.0/avr6/libgcc.a(_ctors.o)
 .data          0x0000000000800206        0x0 /usr/lib/gcc/avr/5.4.0/avr6/libgcc.a(_muluhisi3.o)
 .data          0x0000000000800206        0x0 /usr/lib/gcc/avr/5.4.0/avr6/libgcc.a(_udivmodhi4.o)
 .data          0x0000000000800206        0x0 /usr/lib/gcc/avr/5.4.0/avr6/libgcc.a(_tablejump2.o)
 .data          0x0000000000800206        0x0 /usr/lib/gcc/avr/5.4.0/avr6/libgcc.a(_umulhisi3.o)
 .data          0x0000000000800206        0x0 /usr/lib/gcc/avr/5.4.0/../../../avr/lib/avr6/libc.a(realloc.o)
 .data          0x0000000000800206        0x0 /usr/lib/gcc/avr/5.4.0/../../../avr/lib/avr6/libc.a(memcpy.o)
 .data          0x0000000000800206        0x6 /usr/lib/gcc/avr/5.4.0/../../../avr/lib/avr6/libc.a(malloc.o)
                0x0000000000800206                __malloc_heap_end
                0x0000000000800208                __malloc_heap_start
                0x000000000080020a                __malloc_margin
 *(.data*)
 *(.gnu.linkonce.d*)
 *(.rodata)
 .rodata        0x000000000080020c       0x1c avr_sub_mani.o
 *(.rodata*)
 .rodata.str1.1
                0x0000000000800228      0x1b1 avr_sub_mani.o
                                        0x1b2 (size before relaxing)
 .rodata._ZTVN8std_msgs4TimeE
                0x00000000008003d9        0xc avr_sub_mani.o
                0x00000000008003d9                _ZTVN8std_msgs4TimeE
 .rodata._ZTVN14rosserial_msgs9TopicInfoE
                0x00000000008003e5        0xc avr_sub_mani.o
                0x00000000008003e5                _ZTVN14rosserial_msgs9TopicInfoE
 .rodata._ZTVN14rosserial_msgs3LogE
                0x00000000008003f1        0xc avr_sub_mani.o
                0x00000000008003f1                _ZTVN14rosserial_msgs3LogE
 .rodata._ZTVN14rosserial_msgs20RequestParamResponseE
                0x00000000008003fd        0xc avr_sub_mani.o
                0x00000000008003fd                _ZTVN14rosserial_msgs20RequestParamResponseE
 .rodata._ZTVN8std_msgs19MultiArrayDimensionE
                0x0000000000800409        0xc avr_sub_mani.o
                0x0000000000800409                _ZTVN8std_msgs19MultiArrayDimensionE
 .rodata._ZTVN8std_msgs16MultiArrayLayoutE
                0x0000000000800415        0xc avr_sub_mani.o
                0x0000000000800415                _ZTVN8std_msgs16MultiArrayLayoutE
 .rodata._ZTVN8std_msgs17Float32MultiArrayE
                0x0000000000800421        0xc avr_sub_mani.o
                0x0000000000800421                _ZTVN8std_msgs17Float32MultiArrayE
 .rodata._ZTVN3ros11NodeHandle_I18Atmega2560HardwareLi25ELi25ELi512ELi512EEE
                0x000000000080042d        0xa avr_sub_mani.o
                0x000000000080042d                _ZTVN3ros11NodeHandle_I18Atmega2560HardwareLi25ELi25ELi512ELi512EEE
 .rodata._ZTVN3ros10SubscriberIN8std_msgs17Float32MultiArrayEvEE
                0x0000000000800437        0xc avr_sub_mani.o
                0x0000000000800437                _ZTVN3ros10SubscriberIN8std_msgs17Float32MultiArrayEvEE
 *(.gnu.linkonce.r*)
                0x0000000000800444                . = ALIGN (0x2)
 *fill*         0x0000000000800443        0x1 
                0x0000000000800444                _edata = .
                0x0000000000800444                PROVIDE (__data_end, .)

.bss            0x0000000000800444      0x4fb
                0x0000000000800444                PROVIDE (__bss_start, .)
 *(.bss)
 .bss           0x0000000000800444        0x0 /usr/lib/gcc/avr/5.4.0/../../../avr/lib/avr6/crtatmega2560.o
 .bss           0x0000000000800444        0x8 avr_time.o
 .bss           0x000000000080044c        0x0 avr_uart.o
 .bss           0x000000000080044c        0x0 mani/IncFile1.o
 .bss           0x000000000080044c      0x4db avr_sub_mani.o
                0x000000000080044c                sub
                0x000000000080047a                nh
 .bss           0x0000000000800927        0x0 ros_lib/time.o
 .bss           0x0000000000800927        0x0 ros_lib/duration.o
 .bss           0x0000000000800927        0x0 /usr/lib/gcc/avr/5.4.0/../../../avr/lib/avr6/libm.a(addsf3.o)
 .bss           0x0000000000800927        0x0 /usr/lib/gcc/avr/5.4.0/../../../avr/lib/avr6/libm.a(addsf3x.o)
 .bss           0x0000000000800927        0x0 /usr/lib/gcc/avr/5.4.0/../../../avr/lib/avr6/libm.a(fixsfsi.o)
 .bss           0x0000000000800927        0x0 /usr/lib/gcc/avr/5.4.0/../../../avr/lib/avr6/libm.a(fixunssfsi.o)
 .bss           0x0000000000800927        0x0 /usr/lib/gcc/avr/5.4.0/../../../avr/lib/avr6/libm.a(floatsisf.o)
 .bss           0x0000000000800927        0x0 /usr/lib/gcc/avr/5.4.0/../../../avr/lib/avr6/libm.a(fp_inf.o)
 .bss           0x0000000000800927        0x0 /usr/lib/gcc/avr/5.4.0/../../../avr/lib/avr6/libm.a(fp_nan.o)
 .bss           0x0000000000800927        0x0 /usr/lib/gcc/avr/5.4.0/../../../avr/lib/avr6/libm.a(fp_pscA.o)
 .bss           0x0000000000800927        0x0 /usr/lib/gcc/avr/5.4.0/../../../avr/lib/avr6/libm.a(fp_pscB.o)
 .bss           0x0000000000800927        0x0 /usr/lib/gcc/avr/5.4.0/../../../avr/lib/avr6/libm.a(fp_round.o)
 .bss           0x0000000000800927        0x0 /usr/lib/gcc/avr/5.4.0/../../../avr/lib/avr6/libm.a(fp_split3.o)
 .bss           0x0000000000800927        0x0 /usr/lib/gcc/avr/5.4.0/../../../avr/lib/avr6/libm.a(fp_zero.o)
 .bss           0x0000000000800927        0x0 /usr/lib/gcc/avr/5.4.0/../../../avr/lib/avr6/libm.a(mulsf3.o)
 .bss           0x0000000000800927        0x0 /usr/lib/gcc/avr/5.4.0/../../../avr/lib/avr6/libm.a(mulsf3x.o)
 .bss           0x0000000000800927        0x0 /usr/lib/gcc/avr/5.4.0/avr6/libgcc.a(_mulsi3.o)
 .bss           0x0000000000800927        0x0 /usr/lib/gcc/avr/5.4.0/avr6/libgcc.a(_divmodhi4.o)
 .bss           0x0000000000800927        0x0 /usr/lib/gcc/avr/5.4.0/avr6/libgcc.a(_udivmodsi4.o)
 .bss           0x0000000000800927        0x0 /usr/lib/gcc/avr/5.4.0/avr6/libgcc.a(_divmodsi4.o)
 .bss           0x0000000000800927        0x0 /usr/lib/gcc/avr/5.4.0/avr6/libgcc.a(_negsi2.o)
 .bss           0x0000000000800927        0x0 /usr/lib/gcc/avr/5.4.0/avr6/libgcc.a(_exit.o)
 .bss           0x0000000000800927        0x0 /usr/lib/gcc/avr/5.4.0/avr6/libgcc.a(_copy_data.o)
 .bss           0x0000000000800927        0x0 /usr/lib/gcc/avr/5.4.0/avr6/libgcc.a(_clear_bss.o)
 .bss           0x0000000000800927        0x0 /usr/lib/gcc/avr/5.4.0/avr6/libgcc.a(_ctors.o)
 .bss           0x0000000000800927        0x0 /usr/lib/gcc/avr/5.4.0/avr6/libgcc.a(_muluhisi3.o)
 .bss           0x0000000000800927        0x0 /usr/lib/gcc/avr/5.4.0/avr6/libgcc.a(_udivmodhi4.o)
 .bss           0x0000000000800927        0x0 /usr/lib/gcc/avr/5.4.0/avr6/libgcc.a(_tablejump2.o)
 .bss           0x0000000000800927        0x0 /usr/lib/gcc/avr/5.4.0/avr6/libgcc.a(_umulhisi3.o)
 .bss           0x0000000000800927        0x0 /usr/lib/gcc/avr/5.4.0/../../../avr/lib/avr6/libc.a(realloc.o)
 .bss           0x0000000000800927        0x0 /usr/lib/gcc/avr/5.4.0/../../../avr/lib/avr6/libc.a(memcpy.o)
 .bss           0x0000000000800927        0x0 /usr/lib/gcc/avr/5.4.0/../../../avr/lib/avr6/libc.a(malloc.o)
 *(.bss*)
 *(COMMON)
 COMMON         0x0000000000800927       0x14 mani/IncFile1.o
                0x0000000000800927                x
                0x000000000080092b                alfa
                0x000000000080092f                z
                0x0000000000800933                y
                0x0000000000800937                beta
 COMMON         0x000000000080093b        0x4 /usr/lib/gcc/avr/5.4.0/../../../avr/lib/avr6/libc.a(malloc.o)
                0x000000000080093b                __brkval
                0x000000000080093d                __flp
                0x000000000080093f                PROVIDE (__bss_end, .)
                0x0000000000002d76                __data_load_start = LOADADDR (.data)
                0x0000000000002fba                __data_load_end = (__data_load_start + SIZEOF (.data))

.noinit         0x000000000080093f        0x0
                [!provide]                        PROVIDE (__noinit_start, .)
 *(.noinit*)
                [!provide]                        PROVIDE (__noinit_end, .)
                0x000000000080093f                _end = .
                0x000000000080093f                PROVIDE (__heap_start, .)

.eeprom         0x0000000000810000        0x0
 *(.eeprom*)
                0x0000000000810000                __eeprom_end = .

.fuse
 *(.fuse)
 *(.lfuse)
 *(.hfuse)
 *(.efuse)

.lock
 *(.lock*)

.signature
 *(.signature*)

.user_signatures
 *(.user_signatures*)

.stab
 *(.stab)

.stabstr
 *(.stabstr)

.stab.excl
 *(.stab.excl)

.stab.exclstr
 *(.stab.exclstr)

.stab.index
 *(.stab.index)

.stab.indexstr
 *(.stab.indexstr)

.comment        0x0000000000000000       0x11
 *(.comment)
 .comment       0x0000000000000000       0x11 avr_time.o
                                         0x12 (size before relaxing)
 .comment       0x0000000000000011       0x12 avr_uart.o
 .comment       0x0000000000000011       0x12 mani/IncFile1.o
 .comment       0x0000000000000011       0x12 avr_sub_mani.o
 .comment       0x0000000000000011       0x12 ros_lib/time.o
 .comment       0x0000000000000011       0x12 ros_lib/duration.o
 .comment       0x0000000000000011       0x12 /usr/lib/gcc/avr/5.4.0/../../../avr/lib/avr6/libc.a(realloc.o)
 .comment       0x0000000000000011       0x12 /usr/lib/gcc/avr/5.4.0/../../../avr/lib/avr6/libc.a(malloc.o)

.note.gnu.avr.deviceinfo
                0x0000000000000000       0x40
 .note.gnu.avr.deviceinfo
                0x0000000000000000       0x40 /usr/lib/gcc/avr/5.4.0/../../../avr/lib/avr6/crtatmega2560.o

.note.gnu.build-id
 *(.note.gnu.build-id)

.debug
 *(.debug)

.line
 *(.line)

.debug_srcinfo
 *(.debug_srcinfo)

.debug_sfnames
 *(.debug_sfnames)

.debug_aranges  0x0000000000000000      0x210
 *(.debug_aranges)
 .debug_aranges
                0x0000000000000000       0x20 avr_time.o
 .debug_aranges
                0x0000000000000020       0x20 avr_uart.o
 .debug_aranges
                0x0000000000000040       0x20 mani/IncFile1.o
 .debug_aranges
                0x0000000000000060      0x170 avr_sub_mani.o
 .debug_aranges
                0x00000000000001d0       0x20 ros_lib/time.o
 .debug_aranges
                0x00000000000001f0       0x20 ros_lib/duration.o

.debug_pubnames
 *(.debug_pubnames)

.debug_info     0x0000000000000000     0x593a
 *(.debug_info .gnu.linkonce.wi.*)
 .debug_info    0x0000000000000000      0xbbc /usr/lib/gcc/avr/5.4.0/../../../avr/lib/avr6/crtatmega2560.o
 .debug_info    0x0000000000000bbc       0xfe avr_time.o
 .debug_info    0x0000000000000cba       0xcc avr_uart.o
 .debug_info    0x0000000000000d86      0x240 mani/IncFile1.o
 .debug_info    0x0000000000000fc6     0x4074 avr_sub_mani.o
 .debug_info    0x000000000000503a      0x5a6 ros_lib/time.o
 .debug_info    0x00000000000055e0      0x35a ros_lib/duration.o

.debug_abbrev   0x0000000000000000     0x18da
 *(.debug_abbrev)
 .debug_abbrev  0x0000000000000000      0xb1a /usr/lib/gcc/avr/5.4.0/../../../avr/lib/avr6/crtatmega2560.o
 .debug_abbrev  0x0000000000000b1a       0xa8 avr_time.o
 .debug_abbrev  0x0000000000000bc2       0x92 avr_uart.o
 .debug_abbrev  0x0000000000000c54      0x10f mani/IncFile1.o
 .debug_abbrev  0x0000000000000d63      0x7dc avr_sub_mani.o
 .debug_abbrev  0x000000000000153f      0x1ed ros_lib/time.o
 .debug_abbrev  0x000000000000172c      0x1ae ros_lib/duration.o

.debug_line     0x0000000000000000     0x16fb
 *(.debug_line .debug_line.* .debug_line_end)
 .debug_line    0x0000000000000000       0x1a /usr/lib/gcc/avr/5.4.0/../../../avr/lib/avr6/crtatmega2560.o
 .debug_line    0x000000000000001a       0xb3 avr_time.o
 .debug_line    0x00000000000000cd       0xa7 avr_uart.o
 .debug_line    0x0000000000000174      0x107 mani/IncFile1.o
 .debug_line    0x000000000000027b     0x1234 avr_sub_mani.o
 .debug_line    0x00000000000014af      0x127 ros_lib/time.o
 .debug_line    0x00000000000015d6      0x125 ros_lib/duration.o

.debug_frame    0x0000000000000000      0xb40
 *(.debug_frame)
 .debug_frame   0x0000000000000000       0x70 avr_time.o
 .debug_frame   0x0000000000000070       0x44 avr_uart.o
 .debug_frame   0x00000000000000b4       0xe4 mani/IncFile1.o
 .debug_frame   0x0000000000000198      0x804 avr_sub_mani.o
 .debug_frame   0x000000000000099c       0xf0 ros_lib/time.o
 .debug_frame   0x0000000000000a8c       0xb4 ros_lib/duration.o

.debug_str      0x0000000000000000     0x31e3
 *(.debug_str)
 .debug_str     0x0000000000000000      0x3e6 /usr/lib/gcc/avr/5.4.0/../../../avr/lib/avr6/crtatmega2560.o
 .debug_str     0x00000000000003e6      0x145 avr_time.o
                                        0x179 (size before relaxing)
 .debug_str     0x000000000000052b       0x4a avr_uart.o
                                        0x177 (size before relaxing)
 .debug_str     0x0000000000000575       0xad mani/IncFile1.o
                                        0x1e7 (size before relaxing)
 .debug_str     0x0000000000000622     0x2b4e avr_sub_mani.o
                                       0x2ddb (size before relaxing)
 .debug_str     0x0000000000003170       0x58 ros_lib/time.o
                                        0x412 (size before relaxing)
 .debug_str     0x00000000000031c8       0x1b ros_lib/duration.o
                                        0x2c4 (size before relaxing)

.debug_loc      0x0000000000000000     0x3548
 *(.debug_loc)
 .debug_loc     0x0000000000000000       0x70 avr_time.o
 .debug_loc     0x0000000000000070      0x2d7 mani/IncFile1.o
 .debug_loc     0x0000000000000347     0x2b7e avr_sub_mani.o
 .debug_loc     0x0000000000002ec5      0x3e9 ros_lib/time.o
 .debug_loc     0x00000000000032ae      0x29a ros_lib/duration.o

.debug_macinfo
 *(.debug_macinfo)

.debug_weaknames
 *(.debug_weaknames)

.debug_funcnames
 *(.debug_funcnames)

.debug_typenames
 *(.debug_typenames)

.debug_varnames
 *(.debug_varnames)

.debug_pubtypes
 *(.debug_pubtypes)

.debug_ranges   0x0000000000000000      0x268
 *(.debug_ranges)
 .debug_ranges  0x0000000000000000      0x268 avr_sub_mani.o

.debug_macro
 *(.debug_macro)
OUTPUT(avr_sub_mani.elf elf32-avr)
LOAD linker stubs

Cross Reference Table

Symbol                                            File
Nastroika                                         mani/IncFile1.o
                                                  avr_sub_mani.o
SetAngle1                                         mani/IncFile1.o
                                                  avr_sub_mani.o
SetAngle2                                         mani/IncFile1.o
                                                  avr_sub_mani.o
SetAngle3                                         mani/IncFile1.o
                                                  avr_sub_mani.o
_Z9messageCbRKN8std_msgs17Float32MultiArrayE      avr_sub_mani.o
_ZN14rosserial_msgs20RequestParamResponse11deserializeEPh avr_sub_mani.o
_ZN14rosserial_msgs20RequestParamResponse6getMD5Ev avr_sub_mani.o
_ZN14rosserial_msgs20RequestParamResponse7getTypeEv avr_sub_mani.o
_ZN14rosserial_msgs3Log11deserializeEPh           avr_sub_mani.o
_ZN14rosserial_msgs3Log6getMD5Ev                  avr_sub_mani.o
_ZN14rosserial_msgs3Log7getTypeEv                 avr_sub_mani.o
_ZN14rosserial_msgs9TopicInfo11deserializeEPh     avr_sub_mani.o
_ZN14rosserial_msgs9TopicInfo6getMD5Ev            avr_sub_mani.o
_ZN14rosserial_msgs9TopicInfo7getTypeEv           avr_sub_mani.o
_ZN3ros10SubscriberIN8std_msgs17Float32MultiArrayEvE10getMsgTypeEv avr_sub_mani.o
_ZN3ros10SubscriberIN8std_msgs17Float32MultiArrayEvE15getEndpointTypeEv avr_sub_mani.o
_ZN3ros10SubscriberIN8std_msgs17Float32MultiArrayEvE8callbackEPh avr_sub_mani.o
_ZN3ros10SubscriberIN8std_msgs17Float32MultiArrayEvE9getMsgMD5Ev avr_sub_mani.o
_ZN3ros11NodeHandle_I18Atmega2560HardwareLi25ELi25ELi512ELi512EE15negotiateTopicsEv avr_sub_mani.o
_ZN3ros11NodeHandle_I18Atmega2560HardwareLi25ELi25ELi512ELi512EE15requestSyncTimeEv avr_sub_mani.o
_ZN3ros11NodeHandle_I18Atmega2560HardwareLi25ELi25ELi512ELi512EE7publishEiPKNS_3MsgE avr_sub_mani.o
_ZN3ros11NodeHandle_I18Atmega2560HardwareLi25ELi25ELi512ELi512EE8spinOnceEv avr_sub_mani.o
_ZN3ros11NodeHandle_I18Atmega2560HardwareLi25ELi25ELi512ELi512EE8syncTimeEPh avr_sub_mani.o
_ZN3ros11NodeHandle_I18Atmega2560HardwareLi25ELi25ELi512ELi512EE9connectedEv avr_sub_mani.o
_ZN3ros16normalizeSecNSecERmS0_                   ros_lib/time.o
                                                  avr_sub_mani.o
_ZN3ros22normalizeSecNSecSignedERlS0_             ros_lib/duration.o
                                                  ros_lib/time.o
_ZN3ros3Msg8arrToVarImPhEEvRT_T0_                 avr_sub_mani.o
_ZN3ros3Msg8varToArrIPhmEEvT_T0_                  avr_sub_mani.o
_ZN3ros4Time8fromNSecEl                           ros_lib/time.o
_ZN3ros4TimemIERKNS_8DurationE                    ros_lib/time.o
_ZN3ros4TimepLERKNS_8DurationE                    ros_lib/time.o
_ZN3ros8DurationmIERKS0_                          ros_lib/duration.o
_ZN3ros8DurationmLEd                              ros_lib/duration.o
_ZN3ros8DurationpLERKS0_                          ros_lib/duration.o
_ZN8std_msgs16MultiArrayLayout11deserializeEPh    avr_sub_mani.o
_ZN8std_msgs16MultiArrayLayout6getMD5Ev           avr_sub_mani.o
_ZN8std_msgs16MultiArrayLayout7getTypeEv          avr_sub_mani.o
_ZN8std_msgs17Float32MultiArray11deserializeEPh   avr_sub_mani.o
_ZN8std_msgs17Float32MultiArray6getMD5Ev          avr_sub_mani.o
_ZN8std_msgs17Float32MultiArray7getTypeEv         avr_sub_mani.o
_ZN8std_msgs19MultiArrayDimension11deserializeEPh avr_sub_mani.o
_ZN8std_msgs19MultiArrayDimension6getMD5Ev        avr_sub_mani.o
_ZN8std_msgs19MultiArrayDimension7getTypeEv       avr_sub_mani.o
_ZN8std_msgs4Time11deserializeEPh                 avr_sub_mani.o
_ZN8std_msgs4Time6getMD5Ev                        avr_sub_mani.o
_ZN8std_msgs4Time7getTypeEv                       avr_sub_mani.o
_ZNK14rosserial_msgs20RequestParamResponse9serializeEPh avr_sub_mani.o
_ZNK14rosserial_msgs3Log9serializeEPh             avr_sub_mani.o
_ZNK14rosserial_msgs9TopicInfo9serializeEPh       avr_sub_mani.o
_ZNK3ros4TimemiERKS0_                             ros_lib/time.o
_ZNK8std_msgs16MultiArrayLayout9serializeEPh      avr_sub_mani.o
_ZNK8std_msgs17Float32MultiArray9serializeEPh     avr_sub_mani.o
_ZNK8std_msgs19MultiArrayDimension9serializeEPh   avr_sub_mani.o
_ZNK8std_msgs4Time9serializeEPh                   avr_sub_mani.o
_ZTVN14rosserial_msgs20RequestParamResponseE      avr_sub_mani.o
_ZTVN14rosserial_msgs3LogE                        avr_sub_mani.o
_ZTVN14rosserial_msgs9TopicInfoE                  avr_sub_mani.o
_ZTVN3ros10SubscriberIN8std_msgs17Float32MultiArrayEvEE avr_sub_mani.o
_ZTVN3ros11NodeHandle_I18Atmega2560HardwareLi25ELi25ELi512ELi512EEE avr_sub_mani.o
_ZTVN8std_msgs16MultiArrayLayoutE                 avr_sub_mani.o
_ZTVN8std_msgs17Float32MultiArrayE                avr_sub_mani.o
_ZTVN8std_msgs19MultiArrayDimensionE              avr_sub_mani.o
_ZTVN8std_msgs4TimeE                              avr_sub_mani.o
__FUSE_REGION_LENGTH__                            /usr/lib/gcc/avr/5.4.0/../../../avr/lib/avr6/crtatmega2560.o
__addsf3                                          /usr/lib/gcc/avr/5.4.0/../../../avr/lib/avr6/libm.a(addsf3.o)
                                                  mani/IncFile1.o
__addsf3x                                         /usr/lib/gcc/avr/5.4.0/../../../avr/lib/avr6/libm.a(addsf3x.o)
                                                  /usr/lib/gcc/avr/5.4.0/../../../avr/lib/avr6/libm.a(addsf3.o)
__bad_interrupt                                   /usr/lib/gcc/avr/5.4.0/../../../avr/lib/avr6/crtatmega2560.o
__brkval                                          /usr/lib/gcc/avr/5.4.0/../../../avr/lib/avr6/libc.a(malloc.o)
                                                  /usr/lib/gcc/avr/5.4.0/../../../avr/lib/avr6/libc.a(realloc.o)
__bss_end                                         /usr/lib/gcc/avr/5.4.0/avr6/libgcc.a(_clear_bss.o)
__bss_start                                       /usr/lib/gcc/avr/5.4.0/avr6/libgcc.a(_clear_bss.o)
__ctors_end                                       /usr/lib/gcc/avr/5.4.0/avr6/libgcc.a(_ctors.o)
__ctors_start                                     /usr/lib/gcc/avr/5.4.0/avr6/libgcc.a(_ctors.o)
__cxa_pure_virtual                                avr_sub_mani.o
__data_end                                        /usr/lib/gcc/avr/5.4.0/avr6/libgcc.a(_copy_data.o)
__data_load_start                                 /usr/lib/gcc/avr/5.4.0/avr6/libgcc.a(_copy_data.o)
__data_start                                      /usr/lib/gcc/avr/5.4.0/avr6/libgcc.a(_copy_data.o)
__divmodhi4                                       /usr/lib/gcc/avr/5.4.0/avr6/libgcc.a(_divmodhi4.o)
                                                  avr_sub_mani.o
__divmodsi4                                       /usr/lib/gcc/avr/5.4.0/avr6/libgcc.a(_divmodsi4.o)
                                                  ros_lib/time.o
__do_clear_bss                                    /usr/lib/gcc/avr/5.4.0/avr6/libgcc.a(_clear_bss.o)
                                                  /usr/lib/gcc/avr/5.4.0/../../../avr/lib/avr6/libc.a(malloc.o)
                                                  avr_sub_mani.o
                                                  mani/IncFile1.o
                                                  avr_time.o
__do_copy_data                                    /usr/lib/gcc/avr/5.4.0/avr6/libgcc.a(_copy_data.o)
                                                  /usr/lib/gcc/avr/5.4.0/../../../avr/lib/avr6/libc.a(malloc.o)
                                                  avr_sub_mani.o
                                                  mani/IncFile1.o
__do_global_ctors                                 /usr/lib/gcc/avr/5.4.0/avr6/libgcc.a(_ctors.o)
                                                  avr_sub_mani.o
__fixsfsi                                         /usr/lib/gcc/avr/5.4.0/../../../avr/lib/avr6/libm.a(fixsfsi.o)
                                                  ros_lib/duration.o
                                                  avr_sub_mani.o
__fixunssfsi                                      /usr/lib/gcc/avr/5.4.0/../../../avr/lib/avr6/libm.a(fixunssfsi.o)
                                                  /usr/lib/gcc/avr/5.4.0/../../../avr/lib/avr6/libm.a(fixsfsi.o)
                                                  mani/IncFile1.o
__floatsisf                                       /usr/lib/gcc/avr/5.4.0/../../../avr/lib/avr6/libm.a(floatsisf.o)
                                                  ros_lib/duration.o
__floatunsisf                                     /usr/lib/gcc/avr/5.4.0/../../../avr/lib/avr6/libm.a(floatsisf.o)
                                                  mani/IncFile1.o
__flp                                             /usr/lib/gcc/avr/5.4.0/../../../avr/lib/avr6/libc.a(malloc.o)
                                                  /usr/lib/gcc/avr/5.4.0/../../../avr/lib/avr6/libc.a(realloc.o)
__fp_inf                                          /usr/lib/gcc/avr/5.4.0/../../../avr/lib/avr6/libm.a(fp_inf.o)
                                                  /usr/lib/gcc/avr/5.4.0/../../../avr/lib/avr6/libm.a(mulsf3x.o)
                                                  /usr/lib/gcc/avr/5.4.0/../../../avr/lib/avr6/libm.a(addsf3x.o)
__fp_nan                                          /usr/lib/gcc/avr/5.4.0/../../../avr/lib/avr6/libm.a(fp_nan.o)
                                                  /usr/lib/gcc/avr/5.4.0/../../../avr/lib/avr6/libm.a(mulsf3x.o)
                                                  /usr/lib/gcc/avr/5.4.0/../../../avr/lib/avr6/libm.a(addsf3x.o)
__fp_pscA                                         /usr/lib/gcc/avr/5.4.0/../../../avr/lib/avr6/libm.a(fp_pscA.o)
                                                  /usr/lib/gcc/avr/5.4.0/../../../avr/lib/avr6/libm.a(mulsf3x.o)
                                                  /usr/lib/gcc/avr/5.4.0/../../../avr/lib/avr6/libm.a(addsf3x.o)
__fp_pscB                                         /usr/lib/gcc/avr/5.4.0/../../../avr/lib/avr6/libm.a(fp_pscB.o)
                                                  /usr/lib/gcc/avr/5.4.0/../../../avr/lib/avr6/libm.a(mulsf3x.o)
                                                  /usr/lib/gcc/avr/5.4.0/../../../avr/lib/avr6/libm.a(addsf3x.o)
__fp_round                                        /usr/lib/gcc/avr/5.4.0/../../../avr/lib/avr6/libm.a(fp_round.o)
                                                  /usr/lib/gcc/avr/5.4.0/../../../avr/lib/avr6/libm.a(mulsf3.o)
                                                  /usr/lib/gcc/avr/5.4.0/../../../avr/lib/avr6/libm.a(addsf3.o)
__fp_split3                                       /usr/lib/gcc/avr/5.4.0/../../../avr/lib/avr6/libm.a(fp_split3.o)
                                                  /usr/lib/gcc/avr/5.4.0/../../../avr/lib/avr6/libm.a(mulsf3x.o)
                                                  /usr/lib/gcc/avr/5.4.0/../../../avr/lib/avr6/libm.a(addsf3x.o)
__fp_splitA                                       /usr/lib/gcc/avr/5.4.0/../../../avr/lib/avr6/libm.a(fp_split3.o)
                                                  /usr/lib/gcc/avr/5.4.0/../../../avr/lib/avr6/libm.a(fixunssfsi.o)
__fp_szero                                        /usr/lib/gcc/avr/5.4.0/../../../avr/lib/avr6/libm.a(fp_zero.o)
                                                  /usr/lib/gcc/avr/5.4.0/../../../avr/lib/avr6/libm.a(mulsf3x.o)
                                                  /usr/lib/gcc/avr/5.4.0/../../../avr/lib/avr6/libm.a(fixsfsi.o)
__fp_zero                                         /usr/lib/gcc/avr/5.4.0/../../../avr/lib/avr6/libm.a(fp_zero.o)
                                                  /usr/lib/gcc/avr/5.4.0/../../../avr/lib/avr6/libm.a(fixunssfsi.o)
                                                  /usr/lib/gcc/avr/5.4.0/../../../avr/lib/avr6/libm.a(addsf3x.o)
__heap_end                                        /usr/lib/gcc/avr/5.4.0/../../../avr/lib/avr6/crtatmega2560.o
                                                  /usr/lib/gcc/avr/5.4.0/../../../avr/lib/avr6/libc.a(malloc.o)
__heap_start                                      /usr/lib/gcc/avr/5.4.0/../../../avr/lib/avr6/libc.a(malloc.o)
__init                                            /usr/lib/gcc/avr/5.4.0/../../../avr/lib/avr6/crtatmega2560.o
__malloc_heap_end                                 /usr/lib/gcc/avr/5.4.0/../../../avr/lib/avr6/libc.a(malloc.o)
                                                  /usr/lib/gcc/avr/5.4.0/../../../avr/lib/avr6/libc.a(realloc.o)
__malloc_heap_start                               /usr/lib/gcc/avr/5.4.0/../../../avr/lib/avr6/libc.a(malloc.o)
__malloc_margin                                   /usr/lib/gcc/avr/5.4.0/../../../avr/lib/avr6/libc.a(malloc.o)
                                                  /usr/lib/gcc/avr/5.4.0/../../../avr/lib/avr6/libc.a(realloc.o)
__mulsf3                                          /usr/lib/gcc/avr/5.4.0/../../../avr/lib/avr6/libm.a(mulsf3.o)
                                                  ros_lib/duration.o
                                                  mani/IncFile1.o
__mulsf3_pse                                      /usr/lib/gcc/avr/5.4.0/../../../avr/lib/avr6/libm.a(mulsf3x.o)
__mulsf3x                                         /usr/lib/gcc/avr/5.4.0/../../../avr/lib/avr6/libm.a(mulsf3x.o)
                                                  /usr/lib/gcc/avr/5.4.0/../../../avr/lib/avr6/libm.a(mulsf3.o)
__mulsi3                                          /usr/lib/gcc/avr/5.4.0/avr6/libgcc.a(_mulsi3.o)
                                                  avr_sub_mani.o
__muluhisi3                                       /usr/lib/gcc/avr/5.4.0/avr6/libgcc.a(_muluhisi3.o)
                                                  /usr/lib/gcc/avr/5.4.0/avr6/libgcc.a(_mulsi3.o)
__negsi2                                          /usr/lib/gcc/avr/5.4.0/avr6/libgcc.a(_negsi2.o)
                                                  /usr/lib/gcc/avr/5.4.0/avr6/libgcc.a(_divmodsi4.o)
__stack                                           /usr/lib/gcc/avr/5.4.0/../../../avr/lib/avr6/crtatmega2560.o
__subsf3                                          /usr/lib/gcc/avr/5.4.0/../../../avr/lib/avr6/libm.a(addsf3.o)
__tablejump2__                                    /usr/lib/gcc/avr/5.4.0/avr6/libgcc.a(_tablejump2.o)
                                                  /usr/lib/gcc/avr/5.4.0/avr6/libgcc.a(_ctors.o)
__udivmodhi4                                      /usr/lib/gcc/avr/5.4.0/avr6/libgcc.a(_udivmodhi4.o)
                                                  /usr/lib/gcc/avr/5.4.0/avr6/libgcc.a(_divmodhi4.o)
__udivmodsi4                                      /usr/lib/gcc/avr/5.4.0/avr6/libgcc.a(_udivmodsi4.o)
                                                  /usr/lib/gcc/avr/5.4.0/avr6/libgcc.a(_divmodsi4.o)
                                                  ros_lib/time.o
                                                  avr_sub_mani.o
__umulhisi3                                       /usr/lib/gcc/avr/5.4.0/avr6/libgcc.a(_umulhisi3.o)
                                                  /usr/lib/gcc/avr/5.4.0/avr6/libgcc.a(_muluhisi3.o)
__vector_1                                        /usr/lib/gcc/avr/5.4.0/../../../avr/lib/avr6/crtatmega2560.o
__vector_10                                       /usr/lib/gcc/avr/5.4.0/../../../avr/lib/avr6/crtatmega2560.o
__vector_11                                       /usr/lib/gcc/avr/5.4.0/../../../avr/lib/avr6/crtatmega2560.o
__vector_12                                       /usr/lib/gcc/avr/5.4.0/../../../avr/lib/avr6/crtatmega2560.o
__vector_13                                       /usr/lib/gcc/avr/5.4.0/../../../avr/lib/avr6/crtatmega2560.o
__vector_14                                       /usr/lib/gcc/avr/5.4.0/../../../avr/lib/avr6/crtatmega2560.o
__vector_15                                       /usr/lib/gcc/avr/5.4.0/../../../avr/lib/avr6/crtatmega2560.o
__vector_16                                       /usr/lib/gcc/avr/5.4.0/../../../avr/lib/avr6/crtatmega2560.o
__vector_17                                       /usr/lib/gcc/avr/5.4.0/../../../avr/lib/avr6/crtatmega2560.o
__vector_18                                       /usr/lib/gcc/avr/5.4.0/../../../avr/lib/avr6/crtatmega2560.o
__vector_19                                       /usr/lib/gcc/avr/5.4.0/../../../avr/lib/avr6/crtatmega2560.o
__vector_2                                        /usr/lib/gcc/avr/5.4.0/../../../avr/lib/avr6/crtatmega2560.o
__vector_20                                       /usr/lib/gcc/avr/5.4.0/../../../avr/lib/avr6/crtatmega2560.o
__vector_21                                       /usr/lib/gcc/avr/5.4.0/../../../avr/lib/avr6/crtatmega2560.o
__vector_22                                       /usr/lib/gcc/avr/5.4.0/../../../avr/lib/avr6/crtatmega2560.o
__vector_23                                       avr_time.o
                                                  /usr/lib/gcc/avr/5.4.0/../../../avr/lib/avr6/crtatmega2560.o
__vector_24                                       /usr/lib/gcc/avr/5.4.0/../../../avr/lib/avr6/crtatmega2560.o
__vector_25                                       /usr/lib/gcc/avr/5.4.0/../../../avr/lib/avr6/crtatmega2560.o
__vector_26                                       /usr/lib/gcc/avr/5.4.0/../../../avr/lib/avr6/crtatmega2560.o
__vector_27                                       /usr/lib/gcc/avr/5.4.0/../../../avr/lib/avr6/crtatmega2560.o
__vector_28                                       /usr/lib/gcc/avr/5.4.0/../../../avr/lib/avr6/crtatmega2560.o
__vector_29                                       /usr/lib/gcc/avr/5.4.0/../../../avr/lib/avr6/crtatmega2560.o
__vector_3                                        /usr/lib/gcc/avr/5.4.0/../../../avr/lib/avr6/crtatmega2560.o
__vector_30                                       /usr/lib/gcc/avr/5.4.0/../../../avr/lib/avr6/crtatmega2560.o
__vector_31                                       /usr/lib/gcc/avr/5.4.0/../../../avr/lib/avr6/crtatmega2560.o
__vector_32                                       /usr/lib/gcc/avr/5.4.0/../../../avr/lib/avr6/crtatmega2560.o
__vector_33                                       /usr/lib/gcc/avr/5.4.0/../../../avr/lib/avr6/crtatmega2560.o
__vector_34                                       /usr/lib/gcc/avr/5.4.0/../../../avr/lib/avr6/crtatmega2560.o
__vector_35                                       /usr/lib/gcc/avr/5.4.0/../../../avr/lib/avr6/crtatmega2560.o
__vector_36                                       /usr/lib/gcc/avr/5.4.0/../../../avr/lib/avr6/crtatmega2560.o
__vector_37                                       /usr/lib/gcc/avr/5.4.0/../../../avr/lib/avr6/crtatmega2560.o
__vector_38                                       /usr/lib/gcc/avr/5.4.0/../../../avr/lib/avr6/crtatmega2560.o
__vector_39                                       /usr/lib/gcc/avr/5.4.0/../../../avr/lib/avr6/crtatmega2560.o
__vector_4                                        /usr/lib/gcc/avr/5.4.0/../../../avr/lib/avr6/crtatmega2560.o
__vector_40                                       /usr/lib/gcc/avr/5.4.0/../../../avr/lib/avr6/crtatmega2560.o
__vector_41                                       /usr/lib/gcc/avr/5.4.0/../../../avr/lib/avr6/crtatmega2560.o
__vector_42                                       /usr/lib/gcc/avr/5.4.0/../../../avr/lib/avr6/crtatmega2560.o
__vector_43                                       /usr/lib/gcc/avr/5.4.0/../../../avr/lib/avr6/crtatmega2560.o
__vector_44                                       /usr/lib/gcc/avr/5.4.0/../../../avr/lib/avr6/crtatmega2560.o
__vector_45                                       /usr/lib/gcc/avr/5.4.0/../../../avr/lib/avr6/crtatmega2560.o
__vector_46                                       /usr/lib/gcc/avr/5.4.0/../../../avr/lib/avr6/crtatmega2560.o
__vector_47                                       /usr/lib/gcc/avr/5.4.0/../../../avr/lib/avr6/crtatmega2560.o
__vector_48                                       /usr/lib/gcc/avr/5.4.0/../../../avr/lib/avr6/crtatmega2560.o
__vector_49                                       /usr/lib/gcc/avr/5.4.0/../../../avr/lib/avr6/crtatmega2560.o
__vector_5                                        /usr/lib/gcc/avr/5.4.0/../../../avr/lib/avr6/crtatmega2560.o
__vector_50                                       /usr/lib/gcc/avr/5.4.0/../../../avr/lib/avr6/crtatmega2560.o
__vector_51                                       /usr/lib/gcc/avr/5.4.0/../../../avr/lib/avr6/crtatmega2560.o
__vector_52                                       /usr/lib/gcc/avr/5.4.0/../../../avr/lib/avr6/crtatmega2560.o
__vector_53                                       /usr/lib/gcc/avr/5.4.0/../../../avr/lib/avr6/crtatmega2560.o
__vector_54                                       /usr/lib/gcc/avr/5.4.0/../../../avr/lib/avr6/crtatmega2560.o
__vector_55                                       /usr/lib/gcc/avr/5.4.0/../../../avr/lib/avr6/crtatmega2560.o
__vector_56                                       /usr/lib/gcc/avr/5.4.0/../../../avr/lib/avr6/crtatmega2560.o
__vector_6                                        /usr/lib/gcc/avr/5.4.0/../../../avr/lib/avr6/crtatmega2560.o
__vector_7                                        /usr/lib/gcc/avr/5.4.0/../../../avr/lib/avr6/crtatmega2560.o
__vector_8                                        /usr/lib/gcc/avr/5.4.0/../../../avr/lib/avr6/crtatmega2560.o
__vector_9                                        /usr/lib/gcc/avr/5.4.0/../../../avr/lib/avr6/crtatmega2560.o
__vector_default                                  /usr/lib/gcc/avr/5.4.0/../../../avr/lib/avr6/crtatmega2560.o
__vectors                                         /usr/lib/gcc/avr/5.4.0/../../../avr/lib/avr6/crtatmega2560.o
_div                                              /usr/lib/gcc/avr/5.4.0/avr6/libgcc.a(_divmodhi4.o)
_exit                                             /usr/lib/gcc/avr/5.4.0/avr6/libgcc.a(_exit.o)
alfa                                              mani/IncFile1.o
avr_time_init                                     avr_time.o
                                                  avr_sub_mani.o
avr_time_now                                      avr_time.o
                                                  avr_sub_mani.o
avr_uart_init                                     avr_uart.o
                                                  avr_sub_mani.o
avr_uart_receive_byte                             avr_uart.o
                                                  avr_sub_mani.o
avr_uart_send_byte                                avr_uart.o
                                                  avr_sub_mani.o
beta                                              mani/IncFile1.o
centr                                             mani/IncFile1.o
exit                                              /usr/lib/gcc/avr/5.4.0/avr6/libgcc.a(_exit.o)
                                                  /usr/lib/gcc/avr/5.4.0/../../../avr/lib/avr6/crtatmega2560.o
free                                              /usr/lib/gcc/avr/5.4.0/../../../avr/lib/avr6/libc.a(malloc.o)
                                                  /usr/lib/gcc/avr/5.4.0/../../../avr/lib/avr6/libc.a(realloc.o)
main                                              avr_sub_mani.o
                                                  /usr/lib/gcc/avr/5.4.0/../../../avr/lib/avr6/crtatmega2560.o
malloc                                            /usr/lib/gcc/avr/5.4.0/../../../avr/lib/avr6/libc.a(malloc.o)
                                                  /usr/lib/gcc/avr/5.4.0/../../../avr/lib/avr6/libc.a(realloc.o)
memcpy                                            /usr/lib/gcc/avr/5.4.0/../../../avr/lib/avr6/libc.a(memcpy.o)
                                                  /usr/lib/gcc/avr/5.4.0/../../../avr/lib/avr6/libc.a(realloc.o)
                                                  avr_sub_mani.o
my_delay                                          avr_sub_mani.o
nh                                                avr_sub_mani.o
realloc                                           /usr/lib/gcc/avr/5.4.0/../../../avr/lib/avr6/libc.a(realloc.o)
                                                  avr_sub_mani.o
sub                                               avr_sub_mani.o
x                                                 mani/IncFile1.o
y                                                 mani/IncFile1.o
z                                                 mani/IncFile1.o
